<html>
<body>
<pre>
<h1>礦ision Build Log</h1>
<h2>Tool Versions:</h2>
IDE-Version: μVision V5.24.2.0
Copyright (C) 2017 ARM Ltd and ARM Germany GmbH. All rights reserved.
License Information: a 8619186338860, a, LIC=21E4T-R0W2D-LQL0Q-NVPUD-DNA03-39AMS
 
Tool Versions:
Toolchain:       MDK-ARM Plus  Version: 5.24.1
Toolchain Path:  D:\Keil5\ARM\ARMCC\Bin
C Compiler:      Armcc.exe V5.06 update 5 (build 528)
Assembler:       Armasm.exe V5.06 update 5 (build 528)
Linker/Locator:  ArmLink.exe V5.06 update 5 (build 528)
Library Manager: ArmAr.exe V5.06 update 5 (build 528)
Hex Converter:   FromElf.exe V5.06 update 5 (build 528)
CPU DLL:         SARMCM3.DLL V5.24.1
Dialog DLL:      DCM.DLL V1.16.0.0
Target DLL:      STLink\ST-LINKIII-KEIL_SWO.dll V3.0.1.0
Dialog DLL:      TCM.DLL V1.32.0.0
 
<h2>Project:</h2>
C:\Users\86191\Downloads\燃料电池主控\燃料电池主控\燃料电池主控\Project.uvprojx
Project File Date:  04/30/2026

<h2>Output:</h2>
*** Using Compiler 'V5.06 update 5 (build 528)', folder: 'D:\Keil5\ARM\ARMCC\Bin'
Build target 'Target 1'
compiling stm32f10x_bkp.c...
compiling misc.c...
assembling startup_stm32f10x_md.s...
compiling system_stm32f10x.c...
compiling stm32f10x_crc.c...
compiling stm32f10x_exti.c...
compiling stm32f10x_dma.c...
compiling stm32f10x_dac.c...
compiling core_cm3.c...
compiling stm32f10x_dbgmcu.c...
compiling stm32f10x_fsmc.c...
compiling stm32f10x_can.c...
compiling stm32f10x_adc.c...
compiling stm32f10x_cec.c...
compiling stm32f10x_flash.c...
compiling stm32f10x_iwdg.c...
compiling stm32f10x_i2c.c...
compiling stm32f10x_pwr.c...
compiling stm32f10x_gpio.c...
compiling stm32f10x_rcc.c...
compiling stm32f10x_rtc.c...
compiling stm32f10x_usart.c...
compiling stm32f10x_tim.c...
compiling stm32f10x_sdio.c...
compiling serial_protocol.c...
compiling delay.c...
compiling stm32f10x_wwdg.c...
compiling can.c...
compiling 485.c...
compiling stm32f10x_spi.c...
compiling I2C.c...
compiling bsp_valve.c...
compiling bsp_adc.c...
compiling bsp_ntc.c...
compiling bsp_fan.c...
compiling bsp_pwm.c...
Hardware\bsp_pwm.h(89): warning:  #1-D: last line of file ends without a newline
  #endif
Hardware\bsp_pwm.c(109): warning:  #186-D: pointless comparison of unsigned integer with zero
      if (duty < 
WM_MIN_DUTY)
Hardware\bsp_pwm.c: 2 warnings, 0 errors
compiling bsp_simulator.c...
compiling bsp_dcdc_boost.c...
compiling stm32f10x_it.c...
.\Hardware\bsp_pwm.h(89): warning:  #1-D: last line of file ends without a newline
  #endif
User\stm32f10x_it.c: 1 warning, 0 errors
compiling main.c...
.\Hardware\bsp_pwm.h(89): warning:  #1-D: last line of file ends without a newline
  #endif
User\main.c(550): warning:  #550-D: variable "current_duty"  was set but never used
      static uint16_t current_duty = 0U;
User\main.c(494): warning:  #177-D: function "InterruptInitLayer"  was declared but never referenced
  static void InterruptInitLayer(void)
User\main.c: 3 warnings, 0 errors
linking...
Program Size: Code=21084 RO-data=332 RW-data=196 ZI-data=2356  
".\Objects\Project.axf" - 0 Error(s), 6 Warning(s).

<h2>Software Packages used:</h2>

Package Vendor: Keil
                http://www.keil.com/pack/Keil.STM32F1xx_DFP.2.2.0.pack
                Keil.STM32F1xx_DFP.2.2.0
                STMicroelectronics STM32F1 Series Device Support, Drivers and Examples

<h2>Collection of Component include folders:</h2>
  .\RTE\_Target_1
  D:\Keil5\ARM\PACK\Keil\STM32F1xx_DFP\2.2.0\Device\Include

<h2>Collection of Component Files used:</h2>
Build Time Elapsed:  00:00:22
</pre>
</body>
</html>
