Component: ARM Compiler 5.06 update 5 (build 528) Tool: armlink [4d35e2]

==============================================================================

Section Cross References

    startup_stm32f10x_md.o(STACK) refers (Special) to heapauxi.o(.text) for __use_two_region_memory
    startup_stm32f10x_md.o(HEAP) refers (Special) to heapauxi.o(.text) for __use_two_region_memory
    startup_stm32f10x_md.o(RESET) refers (Special) to heapauxi.o(.text) for __use_two_region_memory
    startup_stm32f10x_md.o(RESET) refers to startup_stm32f10x_md.o(STACK) for __initial_sp
    startup_stm32f10x_md.o(RESET) refers to startup_stm32f10x_md.o(.text) for Reset_Handler
    startup_stm32f10x_md.o(RESET) refers to stm32f10x_it.o(i.NMI_Handler) for NMI_Handler
    startup_stm32f10x_md.o(RESET) refers to stm32f10x_it.o(i.HardFault_Handler) for HardFault_Handler
    startup_stm32f10x_md.o(RESET) refers to stm32f10x_it.o(i.MemManage_Handler) for MemManage_Handler
    startup_stm32f10x_md.o(RESET) refers to stm32f10x_it.o(i.BusFault_Handler) for BusFault_Handler
    startup_stm32f10x_md.o(RESET) refers to stm32f10x_it.o(i.UsageFault_Handler) for UsageFault_Handler
    startup_stm32f10x_md.o(RESET) refers to stm32f10x_it.o(i.SVC_Handler) for SVC_Handler
    startup_stm32f10x_md.o(RESET) refers to stm32f10x_it.o(i.DebugMon_Handler) for DebugMon_Handler
    startup_stm32f10x_md.o(RESET) refers to stm32f10x_it.o(i.PendSV_Handler) for PendSV_Handler
    startup_stm32f10x_md.o(RESET) refers to stm32f10x_it.o(i.SysTick_Handler) for SysTick_Handler
    startup_stm32f10x_md.o(RESET) refers to bsp_adc.o(i.DMA1_Channel1_IRQHandler) for DMA1_Channel1_IRQHandler
    startup_stm32f10x_md.o(RESET) refers to can.o(i.USB_LP_CAN1_RX0_IRQHandler) for USB_LP_CAN1_RX0_IRQHandler
    startup_stm32f10x_md.o(RESET) refers to bsp_fan.o(i.TIM1_CC_IRQHandler) for TIM1_CC_IRQHandler
    startup_stm32f10x_md.o(RESET) refers to stm32f10x_it.o(i.TIM3_IRQHandler) for TIM3_IRQHandler
    startup_stm32f10x_md.o(RESET) refers to 485.o(i.USART1_IRQHandler) for USART1_IRQHandler
    startup_stm32f10x_md.o(.text) refers (Special) to heapauxi.o(.text) for __use_two_region_memory
    startup_stm32f10x_md.o(.text) refers to system_stm32f10x.o(i.SystemInit) for SystemInit
    startup_stm32f10x_md.o(.text) refers to __main.o(!!!main) for __main
    startup_stm32f10x_md.o(.text) refers to startup_stm32f10x_md.o(HEAP) for Heap_Mem
    startup_stm32f10x_md.o(.text) refers to startup_stm32f10x_md.o(STACK) for Stack_Mem
    system_stm32f10x.o(i.SetSysClock) refers to system_stm32f10x.o(i.SetSysClockTo72) for SetSysClockTo72
    system_stm32f10x.o(i.SystemCoreClockUpdate) refers to system_stm32f10x.o(.data) for SystemCoreClock
    system_stm32f10x.o(i.SystemInit) refers to system_stm32f10x.o(i.SetSysClock) for SetSysClock
    stm32f10x_adc.o(i.ADC_DeInit) refers to stm32f10x_rcc.o(i.RCC_APB2PeriphResetCmd) for RCC_APB2PeriphResetCmd
    stm32f10x_bkp.o(i.BKP_DeInit) refers to stm32f10x_rcc.o(i.RCC_BackupResetCmd) for RCC_BackupResetCmd
    stm32f10x_can.o(i.CAN_DeInit) refers to stm32f10x_rcc.o(i.RCC_APB1PeriphResetCmd) for RCC_APB1PeriphResetCmd
    stm32f10x_can.o(i.CAN_GetITStatus) refers to stm32f10x_can.o(i.CheckITStatus) for CheckITStatus
    stm32f10x_cec.o(i.CEC_DeInit) refers to stm32f10x_rcc.o(i.RCC_APB1PeriphResetCmd) for RCC_APB1PeriphResetCmd
    stm32f10x_dac.o(i.DAC_DeInit) refers to stm32f10x_rcc.o(i.RCC_APB1PeriphResetCmd) for RCC_APB1PeriphResetCmd
    stm32f10x_flash.o(i.FLASH_EnableWriteProtection) refers to stm32f10x_flash.o(i.FLASH_WaitForLastOperation) for FLASH_WaitForLastOperation
    stm32f10x_flash.o(i.FLASH_EraseAllBank1Pages) refers to stm32f10x_flash.o(i.FLASH_WaitForLastBank1Operation) for FLASH_WaitForLastBank1Operation
    stm32f10x_flash.o(i.FLASH_EraseAllPages) refers to stm32f10x_flash.o(i.FLASH_WaitForLastOperation) for FLASH_WaitForLastOperation
    stm32f10x_flash.o(i.FLASH_EraseOptionBytes) refers to stm32f10x_flash.o(i.FLASH_GetReadOutProtectionStatus) for FLASH_GetReadOutProtectionStatus
    stm32f10x_flash.o(i.FLASH_EraseOptionBytes) refers to stm32f10x_flash.o(i.FLASH_WaitForLastOperation) for FLASH_WaitForLastOperation
    stm32f10x_flash.o(i.FLASH_ErasePage) refers to stm32f10x_flash.o(i.FLASH_WaitForLastOperation) for FLASH_WaitForLastOperation
    stm32f10x_flash.o(i.FLASH_ProgramHalfWord) refers to stm32f10x_flash.o(i.FLASH_WaitForLastOperation) for FLASH_WaitForLastOperation
    stm32f10x_flash.o(i.FLASH_ProgramOptionByteData) refers to stm32f10x_flash.o(i.FLASH_WaitForLastOperation) for FLASH_WaitForLastOperation
    stm32f10x_flash.o(i.FLASH_ProgramWord) refers to stm32f10x_flash.o(i.FLASH_WaitForLastOperation) for FLASH_WaitForLastOperation
    stm32f10x_flash.o(i.FLASH_ReadOutProtection) refers to stm32f10x_flash.o(i.FLASH_WaitForLastOperation) for FLASH_WaitForLastOperation
    stm32f10x_flash.o(i.FLASH_UserOptionByteConfig) refers to stm32f10x_flash.o(i.FLASH_WaitForLastOperation) for FLASH_WaitForLastOperation
[...]
    Timebase_Init                            0x08003691   Thumb Code    94  main.o(i.Timebase_Init)
    i.TransmitSerialBootProbe                0x08003700   Section        0  main.o(i.TransmitSerialBootProbe)
    TransmitSerialBootProbe                  0x08003701   Thumb Code    48  main.o(i.TransmitSerialBootProbe)
    i.TransmitSerialStatusFrames             0x0800373c   Section        0  main.o(i.TransmitSerialStatusFrames)
    TransmitSerialStatusFrames               0x0800373d   Thumb Code   464  main.o(i.TransmitSerialStatusFrames)
    i.USART1_IRQHandler                      0x0800394c   Section        0  485.o(i.USART1_IRQHandler)
    i.USART_ClearITPendingBit                0x080039a0   Section        0  stm32f10x_usart.o(i.USART_ClearITPendingBit)
    i.USART_Cmd                              0x080039be   Section        0  stm32f10x_usart.o(i.USART_Cmd)
    i.USART_GetFlagStatus                    0x080039d6   Section        0  stm32f10x_usart.o(i.USART_GetFlagStatus)
    i.USART_GetITStatus                      0x080039f0   Section        0  stm32f10x_usart.o(i.USART_GetITStatus)
    i.USART_ITConfig                         0x08003a44   Section        0  stm32f10x_usart.o(i.USART_ITConfig)
    i.USART_Init                             0x08003a90   Section        0  stm32f10x_usart.o(i.USART_Init)
    i.USART_ReceiveData                      0x08003b68   Section        0  stm32f10x_usart.o(i.USART_ReceiveData)
    i.USART_SendData                         0x08003b72   Section        0  stm32f10x_usart.o(i.USART_SendData)
    i.USB_LP_CAN1_RX0_IRQHandler             0x08003b7c   Section        0  can.o(i.USB_LP_CAN1_RX0_IRQHandler)
    i.UsageFault_Handler                     0x08003c00   Section        0  stm32f10x_it.o(i.UsageFault_Handler)
    i.VICalibration_Start                    0x08003c04   Section        0  bsp_adc.o(i.VICalibration_Start)
    i.VICalibration_Update                   0x08003c30   Section        0  bsp_adc.o(i.VICalibration_Update)
    i.Valve_Control_Inlet                    0x08003cf8   Section        0  bsp_valve.o(i.Valve_Control_Inlet)
    i.Valve_Control_Mout3                    0x08003d2c   Section        0  bsp_valve.o(i.Valve_Control_Mout3)
    i.Valve_Control_Purge                    0x08003d64   Section        0  bsp_valve.o(i.Valve_Control_Purge)
    i.Valve_Get_InletState                   0x08003d98   Section        0  bsp_valve.o(i.Valve_Get_InletState)
    i.Valve_Get_PurgeState                   0x08003da4   Section        0  bsp_valve.o(i.Valve_Get_PurgeState)
    i.Valve_Init                             0x08003db0   Section        0  bsp_valve.o(i.Valve_Init)
    i.__kernel_poly                          0x08003e24   Section        0  poly.o(i.__kernel_poly)
    i.__mathlib_dbl_divzero                  0x08003ed0   Section        0  dunder.o(i.__mathlib_dbl_divzero)
    i.__mathlib_dbl_infnan                   0x08003ee0   Section        0  dunder.o(i.__mathlib_dbl_infnan)
    i.__mathlib_dbl_invalid                  0x08003ee6   Section        0  dunder.o(i.__mathlib_dbl_invalid)
    i.log                                    0x08003ef4   Section        0  log.o(i.log)
    i.main                                   0x08004250   Section        0  main.o(i.main)
    x$fpl$d2f                                0x08004264   Section       98  d2f.o(x$fpl$d2f)
    x$fpl$dadd                               0x080042c8   Section      336  daddsub_clz.o(x$fpl$dadd)
    _dadd1                                   0x080042d9   Thumb Code     0  daddsub_clz.o(x$fpl$dadd)
    x$fpl$dcheck1                            0x08004418   Section       16  dcheck1.o(x$fpl$dcheck1)
    x$fpl$dcmpinf                            0x08004428   Section       24  dcmpi.o(x$fpl$dcmpinf)
    x$fpl$ddiv                               0x08004440   Section      688  ddiv.o(x$fpl$ddiv)
    ddiv_entry                               0x08004447   Thumb Code     0  ddiv.o(x$fpl$ddiv)
    x$fpl$deqf                               0x080046f0   Section      120  deqf.o(x$fpl$deqf)
    x$fpl$dflt                               0x08004768   Section       46  dflt_clz.o(x$fpl$dflt)
    x$fpl$dmul                               0x08004798   Section      340  dmul.o(x$fpl$dmul)
    x$fpl$dnaninf                            0x080048ec   Section      156  dnaninf.o(x$fpl$dnaninf)
    x$fpl$dretinf                            0x08004988   Section       12  dretinf.o(x$fpl$dretinf)
    x$fpl$drsb                               0x08004994   Section       22  daddsub_clz.o(x$fpl$drsb)
    x$fpl$dsub                               0x080049ac   Section      468  daddsub_clz.o(x$fpl$dsub)
    _dsub1                                   0x080049bd   Thumb Code     0  daddsub_clz.o(x$fpl$dsub)
    x$fpl$f2d                                0x08004b80   Section       86  f2d.o(x$fpl$f2d)
    x$fpl$fadd                               0x08004bd8   Section      196  faddsub_clz.o(x$fpl$fadd)
    _fadd1                                   0x08004be7   Thumb Code     0  faddsub_clz.o(x$fpl$fadd)
    x$fpl$fcmpinf                            0x08004c9c   Section       24  fcmpi.o(x$fpl$fcmpinf)
    x$fpl$fdiv                               0x08004cb4   Section      388  fdiv.o(x$fpl$fdiv)
    _fdiv1                                   0x08004cb5   Thumb Code     0  fdiv.o(x$fpl$fdiv)
    x$fpl$ffix                               0x08004e38   Section       54  ffix.o(x$fpl$ffix)
    x$fpl$ffixu                              0x08004e70   Section       62  ffixu.o(x$fpl$ffixu)
    x$fpl$fflt                               0x08004eb0   Section       48  fflt_clz.o(x$fpl$fflt)
    x$fpl$ffltu                              0x08004ee0   Section       38  fflt_clz.o(x$fpl$ffltu)
    x$fpl$fleqf                              0x08004f08   Section      104  fleqf.o(x$fpl$fleqf)
    x$fpl$fmul                               0x08004f70   Section      258  fmul.o(x$fpl$fmul)
    x$fpl$fnaninf                            0x08005072   Section      140  fnaninf.o(x$fpl$fnaninf)
    x$fpl$fretinf                            0x080050fe   Section       10  fretinf.o(x$fpl$fretinf)
    x$fpl$frleqf                             0x08005108   Section       98  frleqf.o(x$fpl$frleqf)
    x$fpl$fsub                               0x0800516c   Section      234  faddsub_clz.o(x$fpl$fsub)
    _fsub1                                   0x0800517b   Thumb Code     0  faddsub_clz.o(x$fpl$fsub)
    x$fpl$retnan                             0x08005256   Section      100  retnan.o(x$fpl$retnan)
    x$fpl$scalbn                             0x080052ba   Section       92  scalbn.o(x$fpl$scalbn)
    x$fpl$trapveneer                         0x08005316   Section       48  trapv.o(x$fpl$trapveneer)
    x$fpl$usenofp                            0x08005346   Section        0  usenofp.o(x$fpl$usenofp)
    .constdata                               0x08005348   Section       56  log.o(.constdata)
    Lg2                                      0x08005348   Data          24  log.o(.constdata)
    Lg                                       0x08005360   Data          32  log.o(.constdata)
    .constdata                               0x08005380   Section        8  qnan.o(.constdata)
    .data                                    0x20000000   Section       20  system_stm32f10x.o(.data)
    .data                                    0x20000014   Section       20  stm32f10x_rcc.o(.data)
    APBAHBPrescTable                         0x20000014   Data          16  stm32f10x_rcc.o(.data)
    ADCPrescTable                            0x20000024   Data           4  stm32f10x_rcc.o(.data)
    .data                                    0x20000028   Section        1  485.o(.data)
    .data                                    0x2000002c   Section       17  can.o(.data)
    .data                                    0x20000040   Section       24  bsp_adc.o(.data)
    g_filter_index                           0x20000040   Data           8  bsp_adc.o(.data)
    g_filter_count                           0x20000048   Data           8  bsp_adc.o(.data)
    g_calib_iin_offset_ma                    0x20000050   Data           4  bsp_adc.o(.data)
    g_calib_iout_offset_ma                   0x20000054   Data           4  bsp_adc.o(.data)
    .data                                    0x20000058   Section        3  bsp_valve.o(.data)
    s_inlet_state                            0x20000058   Data           1  bsp_valve.o(.data)
    s_purge_state                            0x20000059   Data           1  bsp_valve.o(.data)
    s_mout3_state                            0x2000005a   Data           1  bsp_valve.o(.data)
    .data                                    0x2000005c   Section        6  bsp_fan.o(.data)
    s_fan_power_on                           0x2000005f   Data           1  bsp_fan.o(.data)
    s_fan_duty                               0x20000060   Data           1  bsp_fan.o(.data)
    s_rpm_stale_ticks                        0x20000061   Data           1  bsp_fan.o(.data)
    .data                                    0x20000062   Section        4  bsp_pwm.o(.data)
    g_pwm_period                             0x20000062   Data           2  bsp_pwm.o(.data)
    g_current_duty                           0x20000064   Data           2  bsp_pwm.o(.data)
    .data                                    0x20000068   Section       92  main.o(.data)
    g_systick_ready                          0x2000006c   Data           1  main.o(.data)
    g_tim3_initialized                       0x2000009a   Data           1  main.o(.data)
    g_runtime_ready                          0x2000009b   Data           1  main.o(.data)
    g_run_request                            0x2000009c   Data           1  main.o(.data)
    g_emergency_stop                         0x2000009d   Data           1  main.o(.data)
    g_control_mode                           0x2000009e   Data           1  main.o(.data)
    g_control_flags                          0x2000009f   Data           1  main.o(.data)
    g_fan_target_pwm                         0x200000a0   Data           1  main.o(.data)
    g_serial_control_payload                 0x200000a1   Data           8  main.o(.data)
    last_tx_ms                               0x200000ac   Data           4  main.o(.data)
    next_frame                               0x200000b0   Data           1  main.o(.data)
    heartbeat                                0x200000b1   Data           1  main.o(.data)
    calibration_state                        0x200000b2   Data           1  main.o(.data)
    soft_start_state                         0x200000b3   Data           1  main.o(.data)
    prev_state                               0x200000b4   Data           1  main.o(.data)
    state_start_time                         0x200000b8   Data           4  main.o(.data)
    current_duty                             0x200000bc   Data           2  main.o(.data)
    fault_state                              0x200000be   Data           1  main.o(.data)
    fault_retry_count                        0x200000bf   Data           1  main.o(.data)
    fault_delay_start                        0x200000c0   Data           4  main.o(.data)
    .bss                                     0x200000c4   Section      128  485.o(.bss)
    .bss                                     0x20000144   Section      376  bsp_adc.o(.bss)
    g_filter_buffer                          0x20000164   Data         320  bsp_adc.o(.bss)
    g_vi_calib                               0x200002a4   Data          24  bsp_adc.o(.bss)
    .bss                                     0x200002bc   Section      216  main.o(.bss)
    .bss                                     0x20000394   Section       96  libspace.o(.bss)
    HEAP                                     0x200003f8   Section      512  startup_stm32f10x_md.o(HEAP)
    Heap_Mem                                 0x200003f8   Data         512  startup_stm32f10x_md.o(HEAP)
    STACK                                    0x200005f8   Section     1024  startup_stm32f10x_md.o(STACK)
    Stack_Mem                                0x200005f8   Data        1024  startup_stm32f10x_md.o(STACK)
    __initial_sp                             0x200009f8   Data           0  startup_stm32f10x_md.o(STACK)

    Global Symbols

    Symbol Name                              Value     Ov Type        Size  Object(Section)

    BuildAttributes$$THM_ISAv4$P$D$K$B$S$PE$A:L22UL41UL21$X:L11$S22US41US21$IEEE1$IW$USESV6$~STKCKD$USESV7$~SHL$OTIME$ROPI$IEEEX$EBA8$UX$STANDARDLIB$REQ8$PRES8$EABIv2 0x00000000   Number         0  anon$$obj.o ABSOLUTE
    __ARM_use_no_argv                        0x00000000   Number         0  main.o ABSOLUTE
    __ARM_exceptions_init                     - Undefined Weak Reference
    __alloca_initialize                       - Undefined Weak Reference
    __arm_preinit_                            - Undefined Weak Reference
    __cpp_initialize__aeabi_                  - Undefined Weak Reference
    __cxa_finalize                            - Undefined Weak Reference
    __rt_locale                               - Undefined Weak Reference
    __sigvec_lookup                           - Undefined Weak Reference
    _atexit_init                              - Undefined Weak Reference
    _call_atexit_fns                          - Undefined Weak Reference
    _clock_init                               - Undefined Weak Reference
    _fp_trap_init                             - Undefined Weak Reference
    _fp_trap_shutdown                         - Undefined Weak Reference
    _get_lc_collate                           - Undefined Weak Reference
    _get_lc_ctype                             - Undefined Weak Reference
    _get_lc_monetary                          - Undefined Weak Reference
    _get_lc_numeric                           - Undefined Weak Reference
    _get_lc_time                              - Undefined Weak Reference
    _getenv_init                              - Undefined Weak Reference
    _handle_redirection                       - Undefined Weak Reference
    _init_alloc                               - Undefined Weak Reference
    _init_user_alloc                          - Undefined Weak Reference
    _initio                                   - Undefined Weak Reference
    _rand_init                                - Undefined Weak Reference
    _signal_finish                            - Undefined Weak Reference
    _signal_init                              - Undefined Weak Reference
    _terminate_alloc                          - Undefined Weak Reference
    _terminate_user_alloc                     - Undefined Weak Reference
    _terminateio                              - Undefined Weak Reference
    __Vectors_Size                           0x000000ec   Number         0  startup_stm32f10x_md.o ABSOLUTE
    __Vectors                                0x08000000   Data           4  startup_stm32f10x_md.o(RESET)
    __Vectors_End                            0x080000ec   Data           0  startup_stm32f10x_md.o(RESET)
    __main                                   0x080000ed   Thumb Code     8  __main.o(!!!main)
    __scatterload                            0x080000f5   Thumb Code     0  __scatter.o(!!!scatter)
    __scatterload_rt2                        0x080000f5   Thumb Code    44  __scatter.o(!!!scatter)
    __scatterload_rt2_thumb_only             0x080000f5   Thumb Code     0  __scatter.o(!!!scatter)
    __scatterload_null                       0x08000103   Thumb Code     0  __scatter.o(!!!scatter)
    __scatterload_copy                       0x08000129   Thumb Code    26  __scatter_copy.o(!!handler_copy)
    __scatterload_zeroinit                   0x08000145   Thumb Code    28  __scatter_zi.o(!!handler_zi)
    __rt_lib_init                            0x08000161   Thumb Code     0  libinit.o(.ARM.Collect$$libinit$$00000000)
    __rt_lib_init_alloca_1                   0x08000163   Thumb Code     0  libinit2.o(.ARM.Collect$$libinit$$0000002E)
    __rt_lib_init_argv_1                     0x08000163   Thumb Code     0  libinit2.o(.ARM.Collect$$libinit$$0000002C)
    __rt_lib_init_atexit_1                   0x08000163   Thumb Code     0  libinit2.o(.ARM.Collect$$libinit$$0000001B)
    __rt_lib_init_clock_1                    0x08000163   Thumb Code     0  libinit2.o(.ARM.Collect$$libinit$$00000021)
    __rt_lib_init_cpp_1                      0x08000163   Thumb Code     0  libinit2.o(.ARM.Collect$$libinit$$00000032)
    __rt_lib_init_exceptions_1               0x08000163   Thumb Code     0  libinit2.o(.ARM.Collect$$libinit$$00000030)
    __rt_lib_init_fp_1                       0x08000163   Thumb Code     0  libinit2.o(.ARM.Collect$$libinit$$00000002)
    __rt_lib_init_fp_trap_1                  0x08000163   Thumb Code     0  libinit2.o(.ARM.Collect$$libinit$$0000001F)
    __rt_lib_init_getenv_1                   0x08000163   Thumb Code     0  libinit2.o(.ARM.Collect$$libinit$$00000023)
    __rt_lib_init_heap_1                     0x08000163   Thumb Code     0  libinit2.o(.ARM.Collect$$libinit$$0000000A)
    __rt_lib_init_lc_collate_1               0x08000163   Thumb Code     0  libinit2.o(.ARM.Collect$$libinit$$00000011)
    __rt_lib_init_lc_ctype_1                 0x08000163   Thumb Code     0  libinit2.o(.ARM.Collect$$libinit$$00000013)
    __rt_lib_init_lc_monetary_1              0x08000163   Thumb Code     0  libinit2.o(.ARM.Collect$$libinit$$00000015)
    __rt_lib_init_lc_numeric_1               0x08000163   Thumb Code     0  libinit2.o(.ARM.Collect$$libinit$$00000017)
    __rt_lib_init_lc_time_1                  0x08000163   Thumb Code     0  libinit2.o(.ARM.Collect$$libinit$$00000019)
    __rt_lib_init_preinit_1                  0x08000163   Thumb Code     0  libinit2.o(.ARM.Collect$$libinit$$00000004)
    __rt_lib_init_rand_1                     0x08000163   Thumb Code     0  libinit2.o(.ARM.Collect$$libinit$$0000000E)
    __rt_lib_init_return                     0x08000163   Thumb Code     0  libinit2.o(.ARM.Collect$$libinit$$00000033)
    __rt_lib_init_signal_1                   0x08000163   Thumb Code     0  libinit2.o(.ARM.Collect$$libinit$$0000001D)
    __rt_lib_init_stdio_1                    0x08000163   Thumb Code     0  libinit2.o(.ARM.Collect$$libinit$$00000025)
    __rt_lib_init_user_alloc_1               0x08000163   Thumb Code     0  libinit2.o(.ARM.Collect$$libinit$$0000000C)
    __rt_lib_shutdown                        0x08000165   Thumb Code     0  libshutdown.o(.ARM.Collect$$libshutdown$$00000000)
    __rt_lib_shutdown_cpp_1                  0x08000167   Thumb Code     0  libshutdown2.o(.ARM.Collect$$libshutdown$$00000002)
    __rt_lib_shutdown_fp_trap_1              0x08000167   Thumb Code     0  libshutdown2.o(.ARM.Collect$$libshutdown$$00000007)
    __rt_lib_shutdown_heap_1                 0x08000167   Thumb Code     0  libshutdown2.o(.ARM.Collect$$libshutdown$$0000000F)
    __rt_lib_shutdown_return                 0x08000167   Thumb Code     0  libshutdown2.o(.ARM.Collect$$libshutdown$$00000010)
    __rt_lib_shutdown_signal_1               0x08000167   Thumb Code     0  libshutdown2.o(.ARM.Collect$$libshutdown$$0000000A)
    __rt_lib_shutdown_stdio_1                0x08000167   Thumb Code     0  libshutdown2.o(.ARM.Collect$$libshutdown$$00000004)
    __rt_lib_shutdown_user_alloc_1           0x08000167   Thumb Code     0  libshutdown2.o(.ARM.Collect$$libshutdown$$0000000C)
    __rt_entry                               0x08000169   Thumb Code     0  __rtentry.o(.ARM.Collect$$rtentry$$00000000)
    __rt_entry_presh_1                       0x08000169   Thumb Code     0  __rtentry2.o(.ARM.Collect$$rtentry$$00000002)
    __rt_entry_sh                            0x08000169   Thumb Code     0  __rtentry4.o(.ARM.Collect$$rtentry$$00000004)
    __rt_entry_li                            0x0800016f   Thumb Code     0  __rtentry2.o(.ARM.Collect$$rtentry$$0000000A)
    __rt_entry_postsh_1                      0x0800016f   Thumb Code     0  __rtentry2.o(.ARM.Collect$$rtentry$$00000009)
    __rt_entry_main                          0x08000173   Thumb Code     0  __rtentry2.o(.ARM.Collect$$rtentry$$0000000D)
    __rt_entry_postli_1                      0x08000173   Thumb Code     0  __rtentry2.o(.ARM.Collect$$rtentry$$0000000C)
    __rt_exit                                0x0800017b   Thumb Code     0  rtexit.o(.ARM.Collect$$rtexit$$00000000)
    __rt_exit_ls                             0x0800017d   Thumb Code     0  rtexit2.o(.ARM.Collect$$rtexit$$00000003)
    __rt_exit_prels_1                        0x0800017d   Thumb Code     0  rtexit2.o(.ARM.Collect$$rtexit$$00000002)
    __rt_exit_exit                           0x08000181   Thumb Code     0  rtexit2.o(.ARM.Collect$$rtexit$$00000004)
    Reset_Handler                            0x08000189   Thumb Code     8  startup_stm32f10x_md.o(.text)
    ADC1_2_IRQHandler                        0x080001a3   Thumb Code     0  startup_stm32f10x_md.o(.text)
    CAN1_RX1_IRQHandler                      0x080001a3   Thumb Code     0  startup_stm32f10x_md.o(.text)
    CAN1_SCE_IRQHandler                      0x080001a3   Thumb Code     0  startup_stm32f10x_md.o(.text)
    DMA1_Channel2_IRQHandler                 0x080001a3   Thumb Code     0  startup_stm32f10x_md.o(.text)
    DMA1_Channel3_IRQHandler                 0x080001a3   Thumb Code     0  startup_stm32f10x_md.o(.text)
    DMA1_Channel4_IRQHandler                 0x080001a3   Thumb Code     0  startup_stm32f10x_md.o(.text)
    DMA1_Channel5_IRQHandler                 0x080001a3   Thumb Code     0  startup_stm32f10x_md.o(.text)
    DMA1_Channel6_IRQHandler                 0x080001a3   Thumb Code     0  startup_stm32f10x_md.o(.text)
    DMA1_Channel7_IRQHandler                 0x080001a3   Thumb Code     0  startup_stm32f10x_md.o(.text)
    EXTI0_IRQHandler                         0x080001a3   Thumb Code     0  startup_stm32f10x_md.o(.text)
    EXTI15_10_IRQHandler                     0x080001a3   Thumb Code     0  startup_stm32f10x_md.o(.text)
    EXTI1_IRQHandler                         0x080001a3   Thumb Code     0  startup_stm32f10x_md.o(.text)
    EXTI2_IRQHandler                         0x080001a3   Thumb Code     0  startup_stm32f10x_md.o(.text)
    EXTI3_IRQHandler                         0x080001a3   Thumb Code     0  startup_stm32f10x_md.o(.text)
    EXTI4_IRQHandler                         0x080001a3   Thumb Code     0  startup_stm32f10x_md.o(.text)
    EXTI9_5_IRQHandler                       0x080001a3   Thumb Code     0  startup_stm32f10x_md.o(.text)
    FLASH_IRQHandler                         0x080001a3   Thumb Code     0  startup_stm32f10x_md.o(.text)
    I2C1_ER_IRQHandler                       0x080001a3   Thumb Code     0  startup_stm32f10x_md.o(.text)
    I2C1_EV_IRQHandler                       0x080001a3   Thumb Code     0  startup_stm32f10x_md.o(.text)
    I2C2_ER_IRQHandler                       0x080001a3   Thumb Code     0  startup_stm32f10x_md.o(.text)
    I2C2_EV_IRQHandler                       0x080001a3   Thumb Code     0  startup_stm32f10x_md.o(.text)
    PVD_IRQHandler                           0x080001a3   Thumb Code     0  startup_stm32f10x_md.o(.text)
    RCC_IRQHandler                           0x080001a3   Thumb Code     0  startup_stm32f10x_md.o(.text)
    RTCAlarm_IRQHandler                      0x080001a3   Thumb Code     0  startup_stm32f10x_md.o(.text)
    RTC_IRQHandler                           0x080001a3   Thumb Code     0  startup_stm32f10x_md.o(.text)
    SPI1_IRQHandler                          0x080001a3   Thumb Code     0  startup_stm32f10x_md.o(.text)
    SPI2_IRQHandler                          0x080001a3   Thumb Code     0  startup_stm32f10x_md.o(.text)
    TAMPER_IRQHandler                        0x080001a3   Thumb Code     0  startup_stm32f10x_md.o(.text)
    TIM1_BRK_IRQHandler                      0x080001a3   Thumb Code     0  startup_stm32f10x_md.o(.text)
    TIM1_TRG_COM_IRQHandler                  0x080001a3   Thumb Code     0  startup_stm32f10x_md.o(.text)
    TIM1_UP_IRQHandler                       0x080001a3   Thumb Code     0  startup_stm32f10x_md.o(.text)
    TIM2_IRQHandler                          0x080001a3   Thumb Code     0  startup_stm32f10x_md.o(.text)
    TIM4_IRQHandler                          0x080001a3   Thumb Code     0  startup_stm32f10x_md.o(.text)
    USART2_IRQHandler                        0x080001a3   Thumb Code     0  startup_stm32f10x_md.o(.text)
    USART3_IRQHandler                        0x080001a3   Thumb Code     0  startup_stm32f10x_md.o(.text)
    USBWakeUp_IRQHandler                     0x080001a3   Thumb Code     0  startup_stm32f10x_md.o(.text)
    USB_HP_CAN1_TX_IRQHandler                0x080001a3   Thumb Code     0  startup_stm32f10x_md.o(.text)
    WWDG_IRQHandler                          0x080001a3   Thumb Code     0  startup_stm32f10x_md.o(.text)
    __user_initial_stackheap                 0x080001a5   Thumb Code     0  startup_stm32f10x_md.o(.text)
    __aeabi_memcpy                           0x080001c9   Thumb Code     0  rt_memcpy_v6.o(.text)
    __rt_memcpy                              0x080001c9   Thumb Code   138  rt_memcpy_v6.o(.text)
    _memcpy_lastbytes                        0x0800022f   Thumb Code     0  rt_memcpy_v6.o(.text)
    __aeabi_memclr                           0x08000253   Thumb Code     0  rt_memclr.o(.text)
    __rt_memclr                              0x08000253   Thumb Code    68  rt_memclr.o(.text)
    _memset                                  0x08000257   Thumb Code     0  rt_memclr.o(.text)
    __aeabi_memclr4                          0x08000297   Thumb Code     0  rt_memclr_w.o(.text)
    __aeabi_memclr8                          0x08000297   Thumb Code     0  rt_memclr_w.o(.text)
    __rt_memclr_w                            0x08000297   Thumb Code    78  rt_memclr_w.o(.text)
    _memset_w                                0x0800029b   Thumb Code     0  rt_memclr_w.o(.text)
    __use_two_region_memory                  0x080002e5   Thumb Code     2  heapauxi.o(.text)
    __rt_heap_escrow$2region                 0x080002e7   Thumb Code     2  heapauxi.o(.text)
    __rt_heap_expand$2region                 0x080002e9   Thumb Code     2  heapauxi.o(.text)
    __read_errno                             0x080002eb   Thumb Code    10  _rserrno.o(.text)
    __set_errno                              0x080002f5   Thumb Code    12  _rserrno.o(.text)
    __aeabi_memcpy4                          0x08000301   Thumb Code     0  rt_memcpy_w.o(.text)
    __aeabi_memcpy8                          0x08000301   Thumb Code     0  rt_memcpy_w.o(.text)
    __rt_memcpy_w                            0x08000301   Thumb Code   100  rt_memcpy_w.o(.text)
    _memcpy_lastbytes_aligned                0x08000349   Thumb Code     0  rt_memcpy_w.o(.text)
    __aeabi_errno_addr                       0x08000365   Thumb Code     8  rt_errno_addr_intlibspace.o(.text)
    __errno$intlibspace                      0x08000365   Thumb Code     0  rt_errno_addr_intlibspace.o(.text)
    __rt_errno_addr$intlibspace              0x08000365   Thumb Code     0  rt_errno_addr_intlibspace.o(.text)
    __user_libspace                          0x0800036d   Thumb Code     8  libspace.o(.text)
    __user_perproc_libspace                  0x0800036d   Thumb Code     0  libspace.o(.text)
    __user_perthread_libspace                0x0800036d   Thumb Code     0  libspace.o(.text)
    __user_setup_stackheap                   0x08000375   Thumb Code    74  sys_stackheap_outer.o(.text)
    exit                                     0x080003bf   Thumb Code    18  exit.o(.text)
    _sys_exit                                0x080003d1   Thumb Code     8  sys_exit.o(.text)
    __I$use$semihosting                      0x080003dd   Thumb Code     0  use_no_semi.o(.text)
    __use_no_semihosting_swi                 0x080003dd   Thumb Code     2  use_no_semi.o(.text)
    __semihosting_library_function           0x080003df   Thumb Code     0  indicate_semi.o(.text)
    ADC1_Mode_Config                         0x080003e1   Thumb Code    82  bsp_adc.o(i.ADC1_Mode_Config)
    ADC_Cmd                                  0x080004d1   Thumb Code    22  stm32f10x_adc.o(i.ADC_Cmd)
    ADC_DMACmd                               0x08000691   Thumb Code    22  stm32f10x_adc.o(i.ADC_DMACmd)
    ADC_ExternalTrigConvCmd                  0x080006a7   Thumb Code    22  stm32f10x_adc.o(i.ADC_ExternalTrigConvCmd)
    ADC_GetCalibrationStatus                 0x080006bd   Thumb Code    20  stm32f10x_adc.o(i.ADC_GetCalibrationStatus)
    ADC_GetResetCalibrationStatus            0x080006d1   Thumb Code    20  stm32f10x_adc.o(i.ADC_GetResetCalibrationStatus)
    ADC_Init                                 0x080006e5   Thumb Code    70  stm32f10x_adc.o(i.ADC_Init)
    ADC_RegularChannelConfig                 0x08000735   Thumb Code   184  stm32f10x_adc.o(i.ADC_RegularChannelConfig)
    ADC_ResetCalibration                     0x080007ed   Thumb Code    10  stm32f10x_adc.o(i.ADC_ResetCalibration)
    ADC_SoftwareStartConvCmd                 0x08000821   Thumb Code    22  stm32f10x_adc.o(i.ADC_SoftwareStartConvCmd)
    ADC_StartCalibration                     0x08000837   Thumb Code    10  stm32f10x_adc.o(i.ADC_StartCalibration)
    ADC_StartContinuousMode                  0x08000841   Thumb Code    10  bsp_adc.o(i.ADC_StartContinuousMode)
    ADC_StartTriggeredMode                   0x0800084b   Thumb Code    10  bsp_adc.o(i.ADC_StartTriggeredMode)
    BusFault_Handler                         0x08000a41   Thumb Code     4  stm32f10x_it.o(i.BusFault_Handler)
    CAN_ClearITPendingBit                    0x08000a45   Thumb Code   162  stm32f10x_can.o(i.CAN_ClearITPendingBit)
    CAN_GetITStatus                          0x08000aed   Thumb Code   284  stm32f10x_can.o(i.CAN_GetITStatus)
    CAN_Receive                              0x08000c0d   Thumb Code   240  stm32f10x_can.o(i.CAN_Receive)
    DCDC_Boost_CheckFault                    0x08000d63   Thumb Code   370  bsp_dcdc_boost.o(i.DCDC_Boost_CheckFault)
    DCDC_Boost_CheckFault_Int                0x08000ed5   Thumb Code   196  bsp_dcdc_boost.o(i.DCDC_Boost_CheckFault_Int)
    DCDC_Boost_ClearFault                    0x08000f99   Thumb Code    14  bsp_dcdc_boost.o(i.DCDC_Boost_ClearFault)
    DCDC_Boost_Disable                       0x08000fa7   Thumb Code    18  bsp_dcdc_boost.o(i.DCDC_Boost_Disable)
    DCDC_Boost_Enable                        0x08000fb9   Thumb Code    14  bsp_dcdc_boost.o(i.DCDC_Boost_Enable)
    DCDC_Boost_EnableSoftStart               0x08000fc7   Thumb Code    24  bsp_dcdc_boost.o(i.DCDC_Boost_EnableSoftStart)
    DCDC_Boost_Init                          0x08000fe1   Thumb Code   180  bsp_dcdc_boost.o(i.DCDC_Boost_Init)
    DCDC_Boost_IsPowerOn                     0x080010b5   Thumb Code    32  bsp_dcdc_boost.o(i.DCDC_Boost_IsPowerOn)
    DCDC_Boost_ProcessSoftStart              0x080010d5   Thumb Code   230  bsp_dcdc_boost.o(i.DCDC_Boost_ProcessSoftStart)
    DCDC_Boost_SetRatedParams                0x080011c9   Thumb Code   172  bsp_dcdc_boost.o(i.DCDC_Boost_SetRatedParams)
    DCDC_Boost_SetTargetCurrent              0x08001285   Thumb Code    64  bsp_dcdc_boost.o(i.DCDC_Boost_SetTargetCurrent)
    DCDC_Boost_SetTargetVoltage              0x080012c9   Thumb Code    64  bsp_dcdc_boost.o(i.DCDC_Boost_SetTargetVoltage)
    DCDC_Boost_SyncPIDState                  0x0800130d   Thumb Code    22  bsp_dcdc_boost.o(i.DCDC_Boost_SyncPIDState)
    DCDC_Boost_Update_Int                    0x08001323   Thumb Code   378  bsp_dcdc_boost.o(i.DCDC_Boost_Update_Int)
    DMA1_Channel1_IRQHandler                 0x0800149d   Thumb Code    42  bsp_adc.o(i.DMA1_Channel1_IRQHandler)
    DMA_ClearITPendingBit                    0x080014d1   Thumb Code    18  stm32f10x_dma.o(i.DMA_ClearITPendingBit)
    DMA_Cmd                                  0x080014ed   Thumb Code    24  stm32f10x_dma.o(i.DMA_Cmd)
    DMA_DeInit                               0x08001505   Thumb Code   324  stm32f10x_dma.o(i.DMA_DeInit)
    DMA_GetITStatus                          0x08001651   Thumb Code    36  stm32f10x_dma.o(i.DMA_GetITStatus)
    DMA_ITConfig                             0x0800167d   Thumb Code    18  stm32f10x_dma.o(i.DMA_ITConfig)
    DMA_Init                                 0x0800168f   Thumb Code    60  stm32f10x_dma.o(i.DMA_Init)
    DebugMon_Handler                         0x080016cb   Thumb Code     2  stm32f10x_it.o(i.DebugMon_Handler)
    Delay_ms                                 0x080016cd   Thumb Code    24  delay.o(i.Delay_ms)
    Delay_us                                 0x080016e5   Thumb Code    70  delay.o(i.Delay_us)
    Fan_Get_DutyCycle                        0x08001839   Thumb Code     6  bsp_fan.o(i.Fan_Get_DutyCycle)
    Fan_Get_PowerState                       0x08001845   Thumb Code     6  bsp_fan.o(i.Fan_Get_PowerState)
    Fan_Init                                 0x08001851   Thumb Code   288  bsp_fan.o(i.Fan_Init)
    Fan_PowerCtrl                            0x0800198d   Thumb Code    52  bsp_fan.o(i.Fan_PowerCtrl)
    Fan_Set_DutyCycle                        0x080019cd   Thumb Code    42  bsp_fan.o(i.Fan_Set_DutyCycle)
    GPIO_Init                                0x08001a45   Thumb Code   278  stm32f10x_gpio.o(i.GPIO_Init)
    GPIO_PinRemapConfig                      0x08001b5d   Thumb Code   138  stm32f10x_gpio.o(i.GPIO_PinRemapConfig)
    GPIO_ResetBits                           0x08001bed   Thumb Code     4  stm32f10x_gpio.o(i.GPIO_ResetBits)
    GPIO_SetBits                             0x08001bf1   Thumb Code     4  stm32f10x_gpio.o(i.GPIO_SetBits)
    Get_ADC3_OutputVoltage                   0x08001bf5   Thumb Code    28  bsp_adc.o(i.Get_ADC3_OutputVoltage)
    Get_ADC4_InputVoltage                    0x08001c15   Thumb Code    28  bsp_adc.o(i.Get_ADC4_InputVoltage)
    Get_ADC5_OutputCurrent                   0x08001c35   Thumb Code    30  bsp_adc.o(i.Get_ADC5_OutputCurrent)
    Get_ADC6_InputCurrent                    0x08001c55   Thumb Code    28  bsp_adc.o(i.Get_ADC6_InputCurrent)
    Get_ADC_RawValue                         0x08001c81   Thumb Code    18  bsp_adc.o(i.Get_ADC_RawValue)
    Get_ADC_Voltage                          0x08001c99   Thumb Code    48  bsp_adc.o(i.Get_ADC_Voltage)
    Get_Bottle_Pressure_Value                0x08001cd1   Thumb Code    12  bsp_adc.o(i.Get_Bottle_Pressure_Value)
    Get_CalibratedInputCurrent               0x08001ce1   Thumb Code    46  bsp_adc.o(i.Get_CalibratedInputCurrent)
    Get_CalibratedInputCurrent_Int           0x08001d19   Thumb Code    44  bsp_adc.o(i.Get_CalibratedInputCurrent_Int)
    Get_CalibratedInputVoltage               0x08001d49   Thumb Code     8  bsp_adc.o(i.Get_CalibratedInputVoltage)
    Get_CalibratedInputVoltage_Int           0x08001d51   Thumb Code    34  bsp_adc.o(i.Get_CalibratedInputVoltage_Int)
    Get_CalibratedOutputCurrent              0x08001d75   Thumb Code    46  bsp_adc.o(i.Get_CalibratedOutputCurrent)
    Get_CalibratedOutputCurrent_Int          0x08001dad   Thumb Code    40  bsp_adc.o(i.Get_CalibratedOutputCurrent_Int)
    Get_CalibratedOutputVoltage              0x08001dd9   Thumb Code     8  bsp_adc.o(i.Get_CalibratedOutputVoltage)
    Get_CalibratedOutputVoltage_Int          0x08001de1   Thumb Code    28  bsp_adc.o(i.Get_CalibratedOutputVoltage_Int)
    Get_Inlet_Pressure_Value                 0x08001dfd   Thumb Code    12  bsp_adc.o(i.Get_Inlet_Pressure_Value)
    Get_NTC1_Temperature                     0x08001e0d   Thumb Code    10  bsp_adc.o(i.Get_NTC1_Temperature)
    Get_NTC2_Temperature                     0x08001e17   Thumb Code    10  bsp_adc.o(i.Get_NTC2_Temperature)
    HardFault_Handler                        0x08001e21   Thumb Code     4  stm32f10x_it.o(i.HardFault_Handler)
    MemManage_Handler                        0x080023e3   Thumb Code     4  stm32f10x_it.o(i.MemManage_Handler)
    NMI_Handler                              0x08002481   Thumb Code     2  stm32f10x_it.o(i.NMI_Handler)
    NVIC_Init                                0x0800259d   Thumb Code   100  misc.o(i.NVIC_Init)
    PID_Compute                              0x0800260d   Thumb Code   156  bsp_dcdc_boost.o(i.PID_Compute)
    PID_Reset                                0x08002745   Thumb Code    14  bsp_dcdc_boost.o(i.PID_Reset)
    PID_Reset_Int                            0x08002753   Thumb Code    18  bsp_dcdc_boost.o(i.PID_Reset_Int)
    PI_Incremental_Int                       0x08002765   Thumb Code    78  bsp_dcdc_boost.o(i.PI_Incremental_Int)
    PI_Positional_Int                        0x080027b5   Thumb Code    72  bsp_dcdc_boost.o(i.PI_Positional_Int)
    PWM_Enable                               0x08002801   Thumb Code    12  bsp_pwm.o(i.PWM_Enable)
    PWM_Init                                 0x08002811   Thumb Code   190  bsp_pwm.o(i.PWM_Init)
    PWM_SetDuty                              0x080028ed   Thumb Code    72  bsp_pwm.o(i.PWM_SetDuty)
    PendSV_Handler                           0x08002951   Thumb Code     2  stm32f10x_it.o(i.PendSV_Handler)
    RCC_ADCCLKConfig                         0x08002981   Thumb Code    18  stm32f10x_rcc.o(i.RCC_ADCCLKConfig)
    RCC_AHBPeriphClockCmd                    0x08002999   Thumb Code    26  stm32f10x_rcc.o(i.RCC_AHBPeriphClockCmd)
    RCC_APB1PeriphClockCmd                   0x080029b9   Thumb Code    26  stm32f10x_rcc.o(i.RCC_APB1PeriphClockCmd)
    RCC_APB2PeriphClockCmd                   0x080029d9   Thumb Code    26  stm32f10x_rcc.o(i.RCC_APB2PeriphClockCmd)
    RCC_GetClocksFreq                        0x080029f9   Thumb Code   192  stm32f10x_rcc.o(i.RCC_GetClocksFreq)
    RS485_Init                               0x08002acd   Thumb Code   168  485.o(i.RS485_Init)
    RS485_Poll_Frame                         0x08002b85   Thumb Code   106  485.o(i.RS485_Poll_Frame)
    RS485_Send_Byte                          0x08002bf9   Thumb Code    28  485.o(i.RS485_Send_Byte)
    RS485_Send_Data                          0x08002c19   Thumb Code    32  485.o(i.RS485_Send_Data)
    RS485_Send_Frame                         0x08002c39   Thumb Code    44  485.o(i.RS485_Send_Frame)
    SVC_Handler                              0x08002c65   Thumb Code     2  stm32f10x_it.o(i.SVC_Handler)
    SerialProtocol_BuildFrame                0x08002c67   Thumb Code    86  serial_protocol.o(i.SerialProtocol_BuildFrame)
    SerialProtocol_ParseFrame                0x08002cd9   Thumb Code   128  serial_protocol.o(i.SerialProtocol_ParseFrame)
    SysTick_Handler                          0x08002ef5   Thumb Code    12  stm32f10x_it.o(i.SysTick_Handler)
    SystemInit                               0x08002f05   Thumb Code    78  system_stm32f10x.o(i.SystemInit)
    TIM1_CC_IRQHandler                       0x080031b5   Thumb Code    46  bsp_fan.o(i.TIM1_CC_IRQHandler)
    TIM3_IRQHandler                          0x080031f1   Thumb Code   108  stm32f10x_it.o(i.TIM3_IRQHandler)
    TIM_ARRPreloadConfig                     0x080032d5   Thumb Code    24  stm32f10x_tim.o(i.TIM_ARRPreloadConfig)
    TIM_CCxCmd                               0x080032ed   Thumb Code    30  stm32f10x_tim.o(i.TIM_CCxCmd)
    TIM_ClearITPendingBit                    0x0800330b   Thumb Code     6  stm32f10x_tim.o(i.TIM_ClearITPendingBit)
    TIM_Cmd                                  0x08003311   Thumb Code    24  stm32f10x_tim.o(i.TIM_Cmd)
    TIM_CtrlPWMOutputs                       0x08003329   Thumb Code    30  stm32f10x_tim.o(i.TIM_CtrlPWMOutputs)
    TIM_GetCapture1                          0x08003347   Thumb Code     6  stm32f10x_tim.o(i.TIM_GetCapture1)
    TIM_GetITStatus                          0x0800334d   Thumb Code    34  stm32f10x_tim.o(i.TIM_GetITStatus)
    TIM_ICInit                               0x08003371   Thumb Code   150  stm32f10x_tim.o(i.TIM_ICInit)
    TIM_ITConfig                             0x0800341d   Thumb Code    18  stm32f10x_tim.o(i.TIM_ITConfig)
    TIM_OC1Init                              0x08003431   Thumb Code   132  stm32f10x_tim.o(i.TIM_OC1Init)
    TIM_OC1PreloadConfig                     0x080034c9   Thumb Code    18  stm32f10x_tim.o(i.TIM_OC1PreloadConfig)
    TIM_OC4Init                              0x080034dd   Thumb Code   114  stm32f10x_tim.o(i.TIM_OC4Init)
    TIM_OC4PreloadConfig                     0x08003559   Thumb Code    26  stm32f10x_tim.o(i.TIM_OC4PreloadConfig)
    TIM_SelectOutputTrigger                  0x08003573   Thumb Code    18  stm32f10x_tim.o(i.TIM_SelectOutputTrigger)
    TIM_SetCompare1                          0x08003585   Thumb Code     4  stm32f10x_tim.o(i.TIM_SetCompare1)
    TIM_SetCompare4                          0x08003589   Thumb Code     6  stm32f10x_tim.o(i.TIM_SetCompare4)
    TIM_SetCounter                           0x0800358f   Thumb Code     4  stm32f10x_tim.o(i.TIM_SetCounter)
    TIM_SetIC1Prescaler                      0x08003593   Thumb Code    18  stm32f10x_tim.o(i.TIM_SetIC1Prescaler)
    TIM_SetIC2Prescaler                      0x080035a5   Thumb Code    26  stm32f10x_tim.o(i.TIM_SetIC2Prescaler)
    TIM_SetIC3Prescaler                      0x080035bf   Thumb Code    18  stm32f10x_tim.o(i.TIM_SetIC3Prescaler)
    TIM_SetIC4Prescaler                      0x080035d1   Thumb Code    26  stm32f10x_tim.o(i.TIM_SetIC4Prescaler)
    TIM_TimeBaseInit                         0x080035ed   Thumb Code   122  stm32f10x_tim.o(i.TIM_TimeBaseInit)
    USART1_IRQHandler                        0x0800394d   Thumb Code    70  485.o(i.USART1_IRQHandler)
    USART_ClearITPendingBit                  0x080039a1   Thumb Code    30  stm32f10x_usart.o(i.USART_ClearITPendingBit)
    USART_Cmd                                0x080039bf   Thumb Code    24  stm32f10x_usart.o(i.USART_Cmd)
    USART_GetFlagStatus                      0x080039d7   Thumb Code    26  stm32f10x_usart.o(i.USART_GetFlagStatus)
    USART_GetITStatus                        0x080039f1   Thumb Code    84  stm32f10x_usart.o(i.USART_GetITStatus)
    USART_ITConfig                           0x08003a45   Thumb Code    74  stm32f10x_usart.o(i.USART_ITConfig)
    USART_Init                               0x08003a91   Thumb Code   210  stm32f10x_usart.o(i.USART_Init)
    USART_ReceiveData                        0x08003b69   Thumb Code    10  stm32f10x_usart.o(i.USART_ReceiveData)
    USART_SendData                           0x08003b73   Thumb Code     8  stm32f10x_usart.o(i.USART_SendData)
    USB_LP_CAN1_RX0_IRQHandler               0x08003b7d   Thumb Code   106  can.o(i.USB_LP_CAN1_RX0_IRQHandler)
    UsageFault_Handler                       0x08003c01   Thumb Code     4  stm32f10x_it.o(i.UsageFault_Handler)
    VICalibration_Start                      0x08003c05   Thumb Code    32  bsp_adc.o(i.VICalibration_Start)
    VICalibration_Update                     0x08003c31   Thumb Code   174  bsp_adc.o(i.VICalibration_Update)
    Valve_Control_Inlet                      0x08003cf9   Thumb Code    42  bsp_valve.o(i.Valve_Control_Inlet)
    Valve_Control_Mout3                      0x08003d2d   Thumb Code    46  bsp_valve.o(i.Valve_Control_Mout3)
    Valve_Control_Purge                      0x08003d65   Thumb Code    42  bsp_valve.o(i.Valve_Control_Purge)
    Valve_Get_InletState                     0x08003d99   Thumb Code     6  bsp_valve.o(i.Valve_Get_InletState)
    Valve_Get_PurgeState                     0x08003da5   Thumb Code     6  bsp_valve.o(i.Valve_Get_PurgeState)
    Valve_Init                               0x08003db1   Thumb Code    94  bsp_valve.o(i.Valve_Init)
    __kernel_poly                            0x08003e25   Thumb Code   170  poly.o(i.__kernel_poly)
    __mathlib_dbl_divzero                    0x08003ed1   Thumb Code    12  dunder.o(i.__mathlib_dbl_divzero)
    __mathlib_dbl_infnan                     0x08003ee1   Thumb Code     6  dunder.o(i.__mathlib_dbl_infnan)
    __mathlib_dbl_invalid                    0x08003ee7   Thumb Code    12  dunder.o(i.__mathlib_dbl_invalid)
    log                                      0x08003ef5   Thumb Code   808  log.o(i.log)
    main                                     0x08004251   Thumb Code    14  main.o(i.main)
    __aeabi_d2f                              0x08004265   Thumb Code     0  d2f.o(x$fpl$d2f)
    _d2f                                     0x08004265   Thumb Code    98  d2f.o(x$fpl$d2f)
    __aeabi_dadd                             0x080042c9   Thumb Code     0  daddsub_clz.o(x$fpl$dadd)
    _dadd                                    0x080042c9   Thumb Code   332  daddsub_clz.o(x$fpl$dadd)
    __fpl_dcheck_NaN1                        0x08004419   Thumb Code    10  dcheck1.o(x$fpl$dcheck1)
    __fpl_dcmp_Inf                           0x08004429   Thumb Code    24  dcmpi.o(x$fpl$dcmpinf)
    __aeabi_ddiv                             0x08004441   Thumb Code     0  ddiv.o(x$fpl$ddiv)
    _ddiv                                    0x08004441   Thumb Code   552  ddiv.o(x$fpl$ddiv)
    __aeabi_cdcmpeq                          0x080046f1   Thumb Code     0  deqf.o(x$fpl$deqf)
    _dcmpeq                                  0x080046f1   Thumb Code   120  deqf.o(x$fpl$deqf)
    __aeabi_i2d                              0x08004769   Thumb Code     0  dflt_clz.o(x$fpl$dflt)
    _dflt                                    0x08004769   Thumb Code    46  dflt_clz.o(x$fpl$dflt)
    __aeabi_dmul                             0x08004799   Thumb Code     0  dmul.o(x$fpl$dmul)
    _dmul                                    0x08004799   Thumb Code   332  dmul.o(x$fpl$dmul)
    __fpl_dnaninf                            0x080048ed   Thumb Code   156  dnaninf.o(x$fpl$dnaninf)
    __fpl_dretinf                            0x08004989   Thumb Code    12  dretinf.o(x$fpl$dretinf)
    __aeabi_drsub                            0x08004995   Thumb Code     0  daddsub_clz.o(x$fpl$drsb)
    _drsb                                    0x08004995   Thumb Code    22  daddsub_clz.o(x$fpl$drsb)
    __aeabi_dsub                             0x080049ad   Thumb Code     0  daddsub_clz.o(x$fpl$dsub)
    _dsub                                    0x080049ad   Thumb Code   464  daddsub_clz.o(x$fpl$dsub)
    __aeabi_f2d                              0x08004b81   Thumb Code     0  f2d.o(x$fpl$f2d)
    _f2d                                     0x08004b81   Thumb Code    86  f2d.o(x$fpl$f2d)
    __aeabi_fadd                             0x08004bd9   Thumb Code     0  faddsub_clz.o(x$fpl$fadd)
    _fadd                                    0x08004bd9   Thumb Code   196  faddsub_clz.o(x$fpl$fadd)
    __fpl_fcmp_Inf                           0x08004c9d   Thumb Code    24  fcmpi.o(x$fpl$fcmpinf)
    __aeabi_fdiv                             0x08004cb5   Thumb Code     0  fdiv.o(x$fpl$fdiv)
    _fdiv                                    0x08004cb5   Thumb Code   384  fdiv.o(x$fpl$fdiv)
    __aeabi_f2iz                             0x08004e39   Thumb Code     0  ffix.o(x$fpl$ffix)
    _ffix                                    0x08004e39   Thumb Code    54  ffix.o(x$fpl$ffix)
    __aeabi_f2uiz                            0x08004e71   Thumb Code     0  ffixu.o(x$fpl$ffixu)
    _ffixu                                   0x08004e71   Thumb Code    62  ffixu.o(x$fpl$ffixu)
    __aeabi_i2f                              0x08004eb1   Thumb Code     0  fflt_clz.o(x$fpl$fflt)
    _fflt                                    0x08004eb1   Thumb Code    48  fflt_clz.o(x$fpl$fflt)
    __aeabi_ui2f                             0x08004ee1   Thumb Code     0  fflt_clz.o(x$fpl$ffltu)
    _ffltu                                   0x08004ee1   Thumb Code    38  fflt_clz.o(x$fpl$ffltu)
    __aeabi_cfcmple                          0x08004f09   Thumb Code     0  fleqf.o(x$fpl$fleqf)
    _fcmple                                  0x08004f09   Thumb Code   104  fleqf.o(x$fpl$fleqf)
    __fpl_fcmple_InfNaN                      0x08004f5b   Thumb Code     0  fleqf.o(x$fpl$fleqf)
    __aeabi_fmul                             0x08004f71   Thumb Code     0  fmul.o(x$fpl$fmul)
    _fmul                                    0x08004f71   Thumb Code   258  fmul.o(x$fpl$fmul)
    __fpl_fnaninf                            0x08005073   Thumb Code   140  fnaninf.o(x$fpl$fnaninf)
    __fpl_fretinf                            0x080050ff   Thumb Code    10  fretinf.o(x$fpl$fretinf)
    __aeabi_cfrcmple                         0x08005109   Thumb Code     0  frleqf.o(x$fpl$frleqf)
    _frcmple                                 0x08005109   Thumb Code    98  frleqf.o(x$fpl$frleqf)
    __aeabi_fsub                             0x0800516d   Thumb Code     0  faddsub_clz.o(x$fpl$fsub)
    _fsub                                    0x0800516d   Thumb Code   234  faddsub_clz.o(x$fpl$fsub)
    __fpl_return_NaN                         0x08005257   Thumb Code   100  retnan.o(x$fpl$retnan)
    __ARM_scalbn                             0x080052bb   Thumb Code    92  scalbn.o(x$fpl$scalbn)
    __fpl_cmpreturn                          0x08005317   Thumb Code    48  trapv.o(x$fpl$trapveneer)
    __I$use$fp                               0x08005346   Number         0  usenofp.o(x$fpl$usenofp)
    __mathlib_zero                           0x08005380   Data           8  qnan.o(.constdata)
    Region$$Table$$Base                      0x08005388   Number         0  anon$$obj.o(Region$$Table)
    Region$$Table$$Limit                     0x080053a8   Number         0  anon$$obj.o(Region$$Table)
    SystemCoreClock                          0x20000000   Data           4  system_stm32f10x.o(.data)
    AHBPrescTable                            0x20000004   Data          16  system_stm32f10x.o(.data)
    RS485_RX_CNT                             0x20000028   Data           1  485.o(.data)
    CAN_RX_BUF                               0x2000002c   Data           8  can.o(.data)
    CAN_RX_FLAG                              0x20000034   Data           1  can.o(.data)
    CAN_RX_ID                                0x20000036   Data           2  can.o(.data)
    CAN_RX_EXT_ID                            0x20000038   Data           4  can.o(.data)
    CAN_RX_IDE                               0x2000003c   Data           1  can.o(.data)
    Fan_Period_Capture                       0x2000005c   Data           2  bsp_fan.o(.data)
    Fan_Capture_Updated                      0x2000005e   Data           1  bsp_fan.o(.data)
    g_ms                                     0x20000068   Data           4  main.o(.data)
    g_input_voltage                          0x20000070   Data           4  main.o(.data)
    g_output_voltage                         0x20000074   Data           4  main.o(.data)
    g_input_current                          0x20000078   Data           4  main.o(.data)
    g_output_current                         0x2000007c   Data           4  main.o(.data)
    g_ntc1_temperature                       0x20000080   Data           4  main.o(.data)
    g_ntc2_temperature                       0x20000084   Data           4  main.o(.data)
    g_system_state                           0x20000088   Data           1  main.o(.data)
    g_calibration_status                     0x20000089   Data           1  main.o(.data)
    g_last_fault                             0x2000008a   Data           1  main.o(.data)
    g_state_timestamp                        0x2000008c   Data           4  main.o(.data)
    g_state_duration                         0x20000090   Data           4  main.o(.data)
    g_soft_start_progress                    0x20000094   Data           1  main.o(.data)
    g_fault_code                             0x20000096   Data           2  main.o(.data)
    g_fault_level                            0x20000098   Data           1  main.o(.data)
    g_state                                  0x20000099   Data           1  main.o(.data)
    RS485_RX_BUF                             0x200000c4   Data         128  485.o(.bss)
    ADC_ConvertedValue                       0x20000144   Data          16  bsp_adc.o(.bss)
    g_adc_shadow                             0x20000154   Data          16  bsp_adc.o(.bss)
    g_boost_ctrl                             0x200002bc   Data         216  main.o(.bss)
    __libspace_start                         0x20000394   Data          96  libspace.o(.bss)
    __temporary_stack_top$libspace           0x200003f4   Data           0  libspace.o(.bss)



==============================================================================

Memory Map of the image

  Image Entry point : 0x080000ed

  Load Region LR_IROM1 (Base: 0x08000000, Size: 0x0000546c, Max: 0x00010000, ABSOLUTE)

    Execution Region ER_IROM1 (Exec base: 0x08000000, Load base: 0x08000000, Size: 0x000053a8, Max: 0x00010000, ABSOLUTE)

    Exec Addr    Load Addr    Size         Type   Attr      Idx    E Section Name        Object

    0x08000000   0x08000000   0x000000ec   Data   RO            3    RESET               startup_stm32f10x_md.o
    0x080000ec   0x080000ec   0x00000008   Code   RO         4315  * !!!main             c_w.l(__main.o)
    0x080000f4   0x080000f4   0x00000034   Code   RO         4583    !!!scatter          c_w.l(__scatter.o)
    0x08000128   0x08000128   0x0000001a   Code   RO         4585    !!handler_copy      c_w.l(__scatter_copy.o)
    0x08000142   0x08000142   0x00000002   PAD
    0x08000144   0x08000144   0x0000001c   Code   RO         4587    !!handler_zi        c_w.l(__scatter_zi.o)
    0x08000160   0x08000160   0x00000002   Code   RO         4452    .ARM.Collect$$libinit$$00000000  c_w.l(libinit.o)
    0x08000162   0x08000162   0x00000000   Code   RO         4458    .ARM.Collect$$libinit$$00000002  c_w.l(libinit2.o)
    0x08000162   0x08000162   0x00000000   Code   RO         4460    .ARM.Collect$$libinit$$00000004  c_w.l(libinit2.o)
    0x08000162   0x08000162   0x00000000   Code   RO         4463    .ARM.Collect$$libinit$$0000000A  c_w.l(libinit2.o)
    0x08000162   0x08000162   0x00000000   Code   RO         4465    .ARM.Collect$$libinit$$0000000C  c_w.l(libinit2.o)
    0x08000162   0x08000162   0x00000000   Code   RO         4467    .ARM.Collect$$libinit$$0000000E  c_w.l(libinit2.o)
    0x08000162   0x08000162   0x00000000   Code   RO         4470    .ARM.Collect$$libinit$$00000011  c_w.l(libinit2.o)
    0x08000162   0x08000162   0x00000000   Code   RO         4472    .ARM.Collect$$libinit$$00000013  c_w.l(libinit2.o)
    0x08000162   0x08000162   0x00000000   Code   RO         4474    .ARM.Collect$$libinit$$00000015  c_w.l(libinit2.o)
    0x08000162   0x08000162   0x00000000   Code   RO         4476    .ARM.Collect$$libinit$$00000017  c_w.l(libinit2.o)
    0x08000162   0x08000162   0x00000000   Code   RO         4478    .ARM.Collect$$libinit$$00000019  c_w.l(libinit2.o)
    0x08000162   0x08000162   0x00000000   Code   RO         4480    .ARM.Collect$$libinit$$0000001B  c_w.l(libinit2.o)
    0x08000162   0x08000162   0x00000000   Code   RO         4482    .ARM.Collect$$libinit$$0000001D  c_w.l(libinit2.o)
    0x08000162   0x08000162   0x00000000   Code   RO         4484    .ARM.Collect$$libinit$$0000001F  c_w.l(libinit2.o)
    0x08000162   0x08000162   0x00000000   Code   RO         4486    .ARM.Collect$$libinit$$00000021  c_w.l(libinit2.o)
    0x08000162   0x08000162   0x00000000   Code   RO         4488    .ARM.Collect$$libinit$$00000023  c_w.l(libinit2.o)
    0x08000162   0x08000162   0x00000000   Code   RO         4490    .ARM.Collect$$libinit$$00000025  c_w.l(libinit2.o)
    0x08000162   0x08000162   0x00000000   Code   RO         4494    .ARM.Collect$$libinit$$0000002C  c_w.l(libinit2.o)
    0x08000162   0x08000162   0x00000000   Code   RO         4496    .ARM.Collect$$libinit$$0000002E  c_w.l(libinit2.o)
    0x08000162   0x08000162   0x00000000   Code   RO         4498    .ARM.Collect$$libinit$$00000030  c_w.l(libinit2.o)
    0x08000162   0x08000162   0x00000000   Code   RO         4500    .ARM.Collect$$libinit$$00000032  c_w.l(libinit2.o)
    0x08000162   0x08000162   0x00000002   Code   RO         4501    .ARM.Collect$$libinit$$00000033  c_w.l(libinit2.o)
    0x08000164   0x08000164   0x00000002   Code   RO         4523    .ARM.Collect$$libshutdown$$00000000  c_w.l(libshutdown.o)
    0x08000166   0x08000166   0x00000000   Code   RO         4536    .ARM.Collect$$libshutdown$$00000002  c_w.l(libshutdown2.o)
    0x08000166   0x08000166   0x00000000   Code   RO         4538    .ARM.Collect$$libshutdown$$00000004  c_w.l(libshutdown2.o)
    0x08000166   0x08000166   0x00000000   Code   RO         4541    .ARM.Collect$$libshutdown$$00000007  c_w.l(libshutdown2.o)
    0x08000166   0x08000166   0x00000000   Code   RO         4544    .ARM.Collect$$libshutdown$$0000000A  c_w.l(libshutdown2.o)
    0x08000166   0x08000166   0x00000000   Code   RO         4546    .ARM.Collect$$libshutdown$$0000000C  c_w.l(libshutdown2.o)
    0x08000166   0x08000166   0x00000000   Code   RO         4549    .ARM.Collect$$libshutdown$$0000000F  c_w.l(libshutdown2.o)
    0x08000166   0x08000166   0x00000002   Code   RO         4550    .ARM.Collect$$libshutdown$$00000010  c_w.l(libshutdown2.o)
    0x08000168   0x08000168   0x00000000   Code   RO         4371    .ARM.Collect$$rtentry$$00000000  c_w.l(__rtentry.o)
    0x08000168   0x08000168   0x00000000   Code   RO         4417    .ARM.Collect$$rtentry$$00000002  c_w.l(__rtentry2.o)
    0x08000168   0x08000168   0x00000006   Code   RO         4429    .ARM.Collect$$rtentry$$00000004  c_w.l(__rtentry4.o)
    0x0800016e   0x0800016e   0x00000000   Code   RO         4419    .ARM.Collect$$rtentry$$00000009  c_w.l(__rtentry2.o)
    0x0800016e   0x0800016e   0x00000004   Code   RO         4420    .ARM.Collect$$rtentry$$0000000A  c_w.l(__rtentry2.o)
    0x08000172   0x08000172   0x00000000   Code   RO         4422    .ARM.Collect$$rtentry$$0000000C  c_w.l(__rtentry2.o)
    0x08000172   0x08000172   0x00000008   Code   RO         4423    .ARM.Collect$$rtentry$$0000000D  c_w.l(__rtentry2.o)
    0x0800017a   0x0800017a   0x00000002   Code   RO         4455    .ARM.Collect$$rtexit$$00000000  c_w.l(rtexit.o)
    0x0800017c   0x0800017c   0x00000000   Code   RO         4505    .ARM.Collect$$rtexit$$00000002  c_w.l(rtexit2.o)
    0x0800017c   0x0800017c   0x00000004   Code   RO         4506    .ARM.Collect$$rtexit$$00000003  c_w.l(rtexit2.o)
    0x08000180   0x08000180   0x00000006   Code   RO         4507    .ARM.Collect$$rtexit$$00000004  c_w.l(rtexit2.o)
    0x08000186   0x08000186   0x00000002   PAD
    0x08000188   0x08000188   0x00000040   Code   RO            4    .text               startup_stm32f10x_md.o
    0x080001c8   0x080001c8   0x0000008a   Code   RO         4307    .text               c_w.l(rt_memcpy_v6.o)
    0x08000252   0x08000252   0x00000044   Code   RO         4309    .text               c_w.l(rt_memclr.o)
    0x08000296   0x08000296   0x0000004e   Code   RO         4311    .text               c_w.l(rt_memclr_w.o)
    0x080002e4   0x080002e4   0x00000006   Code   RO         4313    .text               c_w.l(heapauxi.o)
    0x080002ea   0x080002ea   0x00000016   Code   RO         4372    .text               c_w.l(_rserrno.o)
    0x08000300   0x08000300   0x00000064   Code   RO         4374    .text               c_w.l(rt_memcpy_w.o)
    0x08000364   0x08000364   0x00000008   Code   RO         4434    .text               c_w.l(rt_errno_addr_intlibspace.o)
    0x0800036c   0x0800036c   0x00000008   Code   RO         4440    .text               c_w.l(libspace.o)
    0x08000374   0x08000374   0x0000004a   Code   RO         4443    .text               c_w.l(sys_stackheap_outer.o)
    0x080003be   0x080003be   0x00000012   Code   RO         4445    .text               c_w.l(exit.o)
    0x080003d0   0x080003d0   0x0000000c   Code   RO         4515    .text               c_w.l(sys_exit.o)
    0x080003dc   0x080003dc   0x00000002   Code   RO         4526    .text               c_w.l(use_no_semi.o)
    0x080003de   0x080003de   0x00000000   Code   RO         4528    .text               c_w.l(indicate_semi.o)
    0x080003de   0x080003de   0x00000002   PAD
    0x080003e0   0x080003e0   0x00000058   Code   RO         3398    i.ADC1_Mode_Config  bsp_adc.o
    0x08000438   0x08000438   0x00000098   Code   RO         3399    i.ADC_ApplyMode     bsp_adc.o
    0x080004d0   0x080004d0   0x00000016   Code   RO          202    i.ADC_Cmd           stm32f10x_adc.o
    0x080004e6   0x080004e6   0x00000002   PAD
    0x080004e8   0x080004e8   0x00000070   Code   RO         3400    i.ADC_ConfigDMA     bsp_adc.o
    0x08000558   0x08000558   0x0000003c   Code   RO         3401    i.ADC_ConfigGPIO    bsp_adc.o
    0x08000594   0x08000594   0x00000022   Code   RO         3402    i.ADC_ConfigNVIC    bsp_adc.o
    0x080005b6   0x080005b6   0x00000002   PAD
    0x080005b8   0x080005b8   0x00000068   Code   RO         3403    i.ADC_ConfigScanSequence  bsp_adc.o
    0x08000620   0x08000620   0x00000070   Code   RO         3404    i.ADC_ConvertPressure  bsp_adc.o
    0x08000690   0x08000690   0x00000016   Code   RO          203    i.ADC_DMACmd        stm32f10x_adc.o
    0x080006a6   0x080006a6   0x00000016   Code   RO          207    i.ADC_ExternalTrigConvCmd  stm32f10x_adc.o
    0x080006bc   0x080006bc   0x00000014   Code   RO          210    i.ADC_GetCalibrationStatus  stm32f10x_adc.o
    0x080006d0   0x080006d0   0x00000014   Code   RO          216    i.ADC_GetResetCalibrationStatus  stm32f10x_adc.o
    0x080006e4   0x080006e4   0x00000050   Code   RO          220    i.ADC_Init          stm32f10x_adc.o
    0x08000734   0x08000734   0x000000b8   Code   RO          224    i.ADC_RegularChannelConfig  stm32f10x_adc.o
    0x080007ec   0x080007ec   0x0000000a   Code   RO          225    i.ADC_ResetCalibration  stm32f10x_adc.o
    0x080007f6   0x080007f6   0x00000002   PAD
    0x080007f8   0x080007f8   0x00000028   Code   RO         3405    i.ADC_ResetFilters  bsp_adc.o
    0x08000820   0x08000820   0x00000016   Code   RO          227    i.ADC_SoftwareStartConvCmd  stm32f10x_adc.o
    0x08000836   0x08000836   0x0000000a   Code   RO          229    i.ADC_StartCalibration  stm32f10x_adc.o
    0x08000840   0x08000840   0x0000000a   Code   RO         3406    i.ADC_StartContinuousMode  bsp_adc.o
    0x0800084a   0x0800084a   0x0000000a   Code   RO         3407    i.ADC_StartTriggeredMode  bsp_adc.o
    0x08000854   0x08000854   0x00000034   Code   RO         4064    i.ApplyActuatorOutputs  main.o
    0x08000888   0x08000888   0x000001b8   Code   RO         4065    i.ApplySerialControl  main.o
    0x08000a40   0x08000a40   0x00000004   Code   RO         4231    i.BusFault_Handler  stm32f10x_it.o
    0x08000a44   0x08000a44   0x000000a8   Code   RO          507    i.CAN_ClearITPendingBit  stm32f10x_can.o
    0x08000aec   0x08000aec   0x00000120   Code   RO          513    i.CAN_GetITStatus   stm32f10x_can.o
    0x08000c0c   0x08000c0c   0x000000f0   Code   RO          521    i.CAN_Receive       stm32f10x_can.o
    0x08000cfc   0x08000cfc   0x00000054   Code   RO         4066    i.CalibrationLayer  main.o
    0x08000d50   0x08000d50   0x00000012   Code   RO          529    i.CheckITStatus     stm32f10x_can.o
    0x08000d62   0x08000d62   0x00000172   Code   RO         3788    i.DCDC_Boost_CheckFault  bsp_dcdc_boost.o
    0x08000ed4   0x08000ed4   0x000000c4   Code   RO         3789    i.DCDC_Boost_CheckFault_Int  bsp_dcdc_boost.o
    0x08000f98   0x08000f98   0x0000000e   Code   RO         3790    i.DCDC_Boost_ClearFault  bsp_dcdc_boost.o
    0x08000fa6   0x08000fa6   0x00000012   Code   RO         3791    i.DCDC_Boost_Disable  bsp_dcdc_boost.o
    0x08000fb8   0x08000fb8   0x0000000e   Code   RO         3793    i.DCDC_Boost_Enable  bsp_dcdc_boost.o
    0x08000fc6   0x08000fc6   0x00000018   Code   RO         3794    i.DCDC_Boost_EnableSoftStart  bsp_dcdc_boost.o
    0x08000fde   0x08000fde   0x00000002   PAD
    0x08000fe0   0x08000fe0   0x000000d4   Code   RO         3796    i.DCDC_Boost_Init   bsp_dcdc_boost.o
    0x080010b4   0x080010b4   0x00000020   Code   RO         3797    i.DCDC_Boost_IsPowerOn  bsp_dcdc_boost.o
    0x080010d4   0x080010d4   0x000000f4   Code   RO         3798    i.DCDC_Boost_ProcessSoftStart  bsp_dcdc_boost.o
    0x080011c8   0x080011c8   0x000000bc   Code   RO         3802    i.DCDC_Boost_SetRatedParams  bsp_dcdc_boost.o
    0x08001284   0x08001284   0x00000044   Code   RO         3803    i.DCDC_Boost_SetTargetCurrent  bsp_dcdc_boost.o
    0x080012c8   0x080012c8   0x00000044   Code   RO         3804    i.DCDC_Boost_SetTargetVoltage  bsp_dcdc_boost.o
    0x0800130c   0x0800130c   0x00000016   Code   RO         3805    i.DCDC_Boost_SyncPIDState  bsp_dcdc_boost.o
    0x08001322   0x08001322   0x0000017a   Code   RO         3807    i.DCDC_Boost_Update_Int  bsp_dcdc_boost.o
    0x0800149c   0x0800149c   0x00000034   Code   RO         3408    i.DMA1_Channel1_IRQHandler  bsp_adc.o
    0x080014d0   0x080014d0   0x0000001c   Code   RO          910    i.DMA_ClearITPendingBit  stm32f10x_dma.o
    0x080014ec   0x080014ec   0x00000018   Code   RO          911    i.DMA_Cmd           stm32f10x_dma.o
    0x08001504   0x08001504   0x0000014c   Code   RO          912    i.DMA_DeInit        stm32f10x_dma.o
    0x08001650   0x08001650   0x0000002c   Code   RO          915    i.DMA_GetITStatus   stm32f10x_dma.o
    0x0800167c   0x0800167c   0x00000012   Code   RO          916    i.DMA_ITConfig      stm32f10x_dma.o
    0x0800168e   0x0800168e   0x0000003c   Code   RO          917    i.DMA_Init          stm32f10x_dma.o
    0x080016ca   0x080016ca   0x00000002   Code   RO         4232    i.DebugMon_Handler  stm32f10x_it.o
    0x080016cc   0x080016cc   0x00000018   Code   RO         3196    i.Delay_ms          delay.o
    0x080016e4   0x080016e4   0x00000046   Code   RO         3198    i.Delay_us          delay.o
    0x0800172a   0x0800172a   0x00000002   PAD
    0x0800172c   0x0800172c   0x00000020   Code   RO         4067    i.EncodeFaultCode   main.o
    0x0800174c   0x0800174c   0x00000044   Code   RO         4068    i.EncodePressureRaw  main.o
    0x08001790   0x08001790   0x00000054   Code   RO         4069    i.EncodeScaledU16   main.o
    0x080017e4   0x080017e4   0x00000054   Code   RO         4070    i.EncodeTempRaw     main.o
    0x08001838   0x08001838   0x0000000c   Code   RO         3734    i.Fan_Get_DutyCycle  bsp_fan.o
    0x08001844   0x08001844   0x0000000c   Code   RO         3735    i.Fan_Get_PowerState  bsp_fan.o
    0x08001850   0x08001850   0x0000013c   Code   RO         3737    i.Fan_Init          bsp_fan.o
    0x0800198c   0x0800198c   0x00000040   Code   RO         3738    i.Fan_PowerCtrl     bsp_fan.o
    0x080019cc   0x080019cc   0x00000038   Code   RO         3739    i.Fan_Set_DutyCycle  bsp_fan.o
    0x08001a04   0x08001a04   0x00000040   Code   RO         4071    i.ForcePowerStageStop  main.o
    0x08001a44   0x08001a44   0x00000116   Code   RO         1347    i.GPIO_Init         stm32f10x_gpio.o
    0x08001b5a   0x08001b5a   0x00000002   PAD
    0x08001b5c   0x08001b5c   0x00000090   Code   RO         1349    i.GPIO_PinRemapConfig  stm32f10x_gpio.o
    0x08001bec   0x08001bec   0x00000004   Code   RO         1354    i.GPIO_ResetBits    stm32f10x_gpio.o
    0x08001bf0   0x08001bf0   0x00000004   Code   RO         1355    i.GPIO_SetBits      stm32f10x_gpio.o
    0x08001bf4   0x08001bf4   0x00000020   Code   RO         3409    i.Get_ADC3_OutputVoltage  bsp_adc.o
    0x08001c14   0x08001c14   0x00000020   Code   RO         3410    i.Get_ADC4_InputVoltage  bsp_adc.o
    0x08001c34   0x08001c34   0x0000001e   Code   RO         3411    i.Get_ADC5_OutputCurrent  bsp_adc.o
    0x08001c52   0x08001c52   0x00000002   PAD
    0x08001c54   0x08001c54   0x00000020   Code   RO         3412    i.Get_ADC6_InputCurrent  bsp_adc.o
    0x08001c74   0x08001c74   0x0000000c   Code   RO         3413    i.Get_ADC_BatchAverage  bsp_adc.o
    0x08001c80   0x08001c80   0x00000018   Code   RO         3414    i.Get_ADC_RawValue  bsp_adc.o
    0x08001c98   0x08001c98   0x00000038   Code   RO         3415    i.Get_ADC_Voltage   bsp_adc.o
    0x08001cd0   0x08001cd0   0x00000010   Code   RO         3416    i.Get_Bottle_Pressure_Value  bsp_adc.o
    0x08001ce0   0x08001ce0   0x00000038   Code   RO         3417    i.Get_CalibratedInputCurrent  bsp_adc.o
    0x08001d18   0x08001d18   0x00000030   Code   RO         3418    i.Get_CalibratedInputCurrent_Int  bsp_adc.o
    0x08001d48   0x08001d48   0x00000008   Code   RO         3419    i.Get_CalibratedInputVoltage  bsp_adc.o
    0x08001d50   0x08001d50   0x00000022   Code   RO         3420    i.Get_CalibratedInputVoltage_Int  bsp_adc.o
    0x08001d72   0x08001d72   0x00000002   PAD
    0x08001d74   0x08001d74   0x00000038   Code   RO         3421    i.Get_CalibratedOutputCurrent  bsp_adc.o
    0x08001dac   0x08001dac   0x0000002c   Code   RO         3422    i.Get_CalibratedOutputCurrent_Int  bsp_adc.o
    0x08001dd8   0x08001dd8   0x00000008   Code   RO         3423    i.Get_CalibratedOutputVoltage  bsp_adc.o
    0x08001de0   0x08001de0   0x0000001c   Code   RO         3424    i.Get_CalibratedOutputVoltage_Int  bsp_adc.o
    0x08001dfc   0x08001dfc   0x00000010   Code   RO         3425    i.Get_Inlet_Pressure_Value  bsp_adc.o
    0x08001e0c   0x08001e0c   0x0000000a   Code   RO         3426    i.Get_NTC1_Temperature  bsp_adc.o
    0x08001e16   0x08001e16   0x0000000a   Code   RO         3427    i.Get_NTC2_Temperature  bsp_adc.o
    0x08001e20   0x08001e20   0x00000004   Code   RO         4233    i.HardFault_Handler  stm32f10x_it.o
    0x08001e24   0x08001e24   0x00000070   Code   RO         4072    i.HardwareInitLayer  main.o
    0x08001e94   0x08001e94   0x00000034   Code   RO         4074    i.LoadDefaultSerialControlPayload  main.o
    0x08001ec8   0x08001ec8   0x000004d4   Code   RO         4075    i.MainScheduler     main.o
    0x0800239c   0x0800239c   0x00000020   Code   RO         4076    i.MapFaultLevel     main.o
    0x080023bc   0x080023bc   0x00000026   Code   RO         4077    i.MapSystemStatus   main.o
    0x080023e2   0x080023e2   0x00000004   Code   RO         4234    i.MemManage_Handler  stm32f10x_it.o
    0x080023e6   0x080023e6   0x00000002   PAD
    0x080023e8   0x080023e8   0x00000098   Code   RO         3429    i.MovingAverageFilter  bsp_adc.o
    0x08002480   0x08002480   0x00000002   Code   RO         4235    i.NMI_Handler       stm32f10x_it.o
    0x08002482   0x08002482   0x00000002   PAD
    0x08002484   0x08002484   0x00000118   Code   RO         3430    i.NTC_Calculate_Temperature  bsp_adc.o
    0x0800259c   0x0800259c   0x00000070   Code   RO          137    i.NVIC_Init         misc.o
    0x0800260c   0x0800260c   0x0000009c   Code   RO         3808    i.PID_Compute       bsp_dcdc_boost.o
    0x080026a8   0x080026a8   0x0000001e   Code   RO         3810    i.PID_Init          bsp_dcdc_boost.o
    0x080026c6   0x080026c6   0x0000007e   Code   RO         3811    i.PID_Init_Int      bsp_dcdc_boost.o
    0x08002744   0x08002744   0x0000000e   Code   RO         3812    i.PID_Reset         bsp_dcdc_boost.o
    0x08002752   0x08002752   0x00000012   Code   RO         3813    i.PID_Reset_Int     bsp_dcdc_boost.o
    0x08002764   0x08002764   0x0000004e   Code   RO         3814    i.PI_Incremental_Int  bsp_dcdc_boost.o
    0x080027b2   0x080027b2   0x00000002   PAD
    0x080027b4   0x080027b4   0x0000004c   Code   RO         3815    i.PI_Positional_Int  bsp_dcdc_boost.o
    0x08002800   0x08002800   0x00000010   Code   RO         3967    i.PWM_Enable        bsp_pwm.o
    0x08002810   0x08002810   0x000000dc   Code   RO         3969    i.PWM_Init          bsp_pwm.o
    0x080028ec   0x080028ec   0x00000054   Code   RO         3970    i.PWM_SetDuty       bsp_pwm.o
    0x08002940   0x08002940   0x00000008   Code   RO         4078    i.PackU16BE         main.o
    0x08002948   0x08002948   0x00000008   Code   RO         4079    i.PackU16LE         main.o
    0x08002950   0x08002950   0x00000002   Code   RO         4236    i.PendSV_Handler    stm32f10x_it.o
    0x08002952   0x08002952   0x00000002   PAD
    0x08002954   0x08002954   0x0000002c   Code   RO         4080    i.PollSerialControlPayload  main.o
    0x08002980   0x08002980   0x00000018   Code   RO         1773    i.RCC_ADCCLKConfig  stm32f10x_rcc.o
    0x08002998   0x08002998   0x00000020   Code   RO         1774    i.RCC_AHBPeriphClockCmd  stm32f10x_rcc.o
    0x080029b8   0x080029b8   0x00000020   Code   RO         1775    i.RCC_APB1PeriphClockCmd  stm32f10x_rcc.o
    0x080029d8   0x080029d8   0x00000020   Code   RO         1777    i.RCC_APB2PeriphClockCmd  stm32f10x_rcc.o
    0x080029f8   0x080029f8   0x000000d4   Code   RO         1785    i.RCC_GetClocksFreq  stm32f10x_rcc.o
    0x08002acc   0x08002acc   0x000000b8   Code   RO         3220    i.RS485_Init        485.o
    0x08002b84   0x08002b84   0x00000074   Code   RO         3221    i.RS485_Poll_Frame  485.o
    0x08002bf8   0x08002bf8   0x00000020   Code   RO         3222    i.RS485_Send_Byte   485.o
    0x08002c18   0x08002c18   0x00000020   Code   RO         3223    i.RS485_Send_Data   485.o
    0x08002c38   0x08002c38   0x0000002c   Code   RO         3224    i.RS485_Send_Frame  485.o
    0x08002c64   0x08002c64   0x00000002   Code   RO         4237    i.SVC_Handler       stm32f10x_it.o
    0x08002c66   0x08002c66   0x00000056   Code   RO         3281    i.SerialProtocol_BuildFrame  serial_protocol.o
    0x08002cbc   0x08002cbc   0x0000001c   Code   RO         3282    i.SerialProtocol_Checksum  serial_protocol.o
    0x08002cd8   0x08002cd8   0x00000080   Code   RO         3283    i.SerialProtocol_ParseFrame  serial_protocol.o
    0x08002d58   0x08002d58   0x00000008   Code   RO           24    i.SetSysClock       system_stm32f10x.o
    0x08002d60   0x08002d60   0x000000e0   Code   RO           25    i.SetSysClockTo72   system_stm32f10x.o
    0x08002e40   0x08002e40   0x000000b4   Code   RO         4081    i.SoftStartLayer    main.o
    0x08002ef4   0x08002ef4   0x00000010   Code   RO         4238    i.SysTick_Handler   stm32f10x_it.o
    0x08002f04   0x08002f04   0x00000060   Code   RO           27    i.SystemInit        system_stm32f10x.o
    0x08002f64   0x08002f64   0x00000010   Code   RO         4082    i.SystemInitLayer   main.o
    0x08002f74   0x08002f74   0x00000080   Code   RO         2405    i.TI1_Config        stm32f10x_tim.o
    0x08002ff4   0x08002ff4   0x00000098   Code   RO         2406    i.TI2_Config        stm32f10x_tim.o
    0x0800308c   0x0800308c   0x00000090   Code   RO         2407    i.TI3_Config        stm32f10x_tim.o
    0x0800311c   0x0800311c   0x00000098   Code   RO         2408    i.TI4_Config        stm32f10x_tim.o
    0x080031b4   0x080031b4   0x0000003c   Code   RO         3740    i.TIM1_CC_IRQHandler  bsp_fan.o
    0x080031f0   0x080031f0   0x00000074   Code   RO         4239    i.TIM3_IRQHandler   stm32f10x_it.o
    0x08003264   0x08003264   0x00000070   Code   RO         4083    i.TIM3_Init         main.o
    0x080032d4   0x080032d4   0x00000018   Code   RO         2409    i.TIM_ARRPreloadConfig  stm32f10x_tim.o
    0x080032ec   0x080032ec   0x0000001e   Code   RO         2413    i.TIM_CCxCmd        stm32f10x_tim.o
    0x0800330a   0x0800330a   0x00000006   Code   RO         2416    i.TIM_ClearITPendingBit  stm32f10x_tim.o
    0x08003310   0x08003310   0x00000018   Code   RO         2421    i.TIM_Cmd           stm32f10x_tim.o
    0x08003328   0x08003328   0x0000001e   Code   RO         2423    i.TIM_CtrlPWMOutputs  stm32f10x_tim.o
    0x08003346   0x08003346   0x00000006   Code   RO         2436    i.TIM_GetCapture1   stm32f10x_tim.o
    0x0800334c   0x0800334c   0x00000022   Code   RO         2442    i.TIM_GetITStatus   stm32f10x_tim.o
    0x0800336e   0x0800336e   0x00000002   PAD
    0x08003370   0x08003370   0x000000ac   Code   RO         2444    i.TIM_ICInit        stm32f10x_tim.o
    0x0800341c   0x0800341c   0x00000012   Code   RO         2446    i.TIM_ITConfig      stm32f10x_tim.o
    0x0800342e   0x0800342e   0x00000002   PAD
    0x08003430   0x08003430   0x00000098   Code   RO         2450    i.TIM_OC1Init       stm32f10x_tim.o
    0x080034c8   0x080034c8   0x00000012   Code   RO         2453    i.TIM_OC1PreloadConfig  stm32f10x_tim.o
    0x080034da   0x080034da   0x00000002   PAD
    0x080034dc   0x080034dc   0x0000007c   Code   RO         2465    i.TIM_OC4Init       stm32f10x_tim.o
    0x08003558   0x08003558   0x0000001a   Code   RO         2467    i.TIM_OC4PreloadConfig  stm32f10x_tim.o
    0x08003572   0x08003572   0x00000012   Code   RO         2478    i.TIM_SelectOutputTrigger  stm32f10x_tim.o
    0x08003584   0x08003584   0x00000004   Code   RO         2482    i.TIM_SetCompare1   stm32f10x_tim.o
    0x08003588   0x08003588   0x00000006   Code   RO         2485    i.TIM_SetCompare4   stm32f10x_tim.o
    0x0800358e   0x0800358e   0x00000004   Code   RO         2486    i.TIM_SetCounter    stm32f10x_tim.o
    0x08003592   0x08003592   0x00000012   Code   RO         2487    i.TIM_SetIC1Prescaler  stm32f10x_tim.o
    0x080035a4   0x080035a4   0x0000001a   Code   RO         2488    i.TIM_SetIC2Prescaler  stm32f10x_tim.o
    0x080035be   0x080035be   0x00000012   Code   RO         2489    i.TIM_SetIC3Prescaler  stm32f10x_tim.o
    0x080035d0   0x080035d0   0x0000001a   Code   RO         2490    i.TIM_SetIC4Prescaler  stm32f10x_tim.o
    0x080035ea   0x080035ea   0x00000002   PAD
    0x080035ec   0x080035ec   0x000000a4   Code   RO         2492    i.TIM_TimeBaseInit  stm32f10x_tim.o
    0x08003690   0x08003690   0x00000070   Code   RO         4084    i.Timebase_Init     main.o
    0x08003700   0x08003700   0x0000003c   Code   RO         4085    i.TransmitSerialBootProbe  main.o
    0x0800373c   0x0800373c   0x00000210   Code   RO         4086    i.TransmitSerialStatusFrames  main.o
    0x0800394c   0x0800394c   0x00000054   Code   RO         3226    i.USART1_IRQHandler  485.o
    0x080039a0   0x080039a0   0x0000001e   Code   RO         2957    i.USART_ClearITPendingBit  stm32f10x_usart.o
    0x080039be   0x080039be   0x00000018   Code   RO         2960    i.USART_Cmd         stm32f10x_usart.o
    0x080039d6   0x080039d6   0x0000001a   Code   RO         2963    i.USART_GetFlagStatus  stm32f10x_usart.o
    0x080039f0   0x080039f0   0x00000054   Code   RO         2964    i.USART_GetITStatus  stm32f10x_usart.o
    0x08003a44   0x08003a44   0x0000004a   Code   RO         2966    i.USART_ITConfig    stm32f10x_usart.o
    0x08003a8e   0x08003a8e   0x00000002   PAD
    0x08003a90   0x08003a90   0x000000d8   Code   RO         2967    i.USART_Init        stm32f10x_usart.o
    0x08003b68   0x08003b68   0x0000000a   Code   RO         2974    i.USART_ReceiveData  stm32f10x_usart.o
    0x08003b72   0x08003b72   0x00000008   Code   RO         2977    i.USART_SendData    stm32f10x_usart.o
    0x08003b7a   0x08003b7a   0x00000002   PAD
    0x08003b7c   0x08003b7c   0x00000084   Code   RO         3308    i.USB_LP_CAN1_RX0_IRQHandler  can.o
    0x08003c00   0x08003c00   0x00000004   Code   RO         4240    i.UsageFault_Handler  stm32f10x_it.o
    0x08003c04   0x08003c04   0x0000002c   Code   RO         3432    i.VICalibration_Start  bsp_adc.o
    0x08003c30   0x08003c30   0x000000c8   Code   RO         3433    i.VICalibration_Update  bsp_adc.o
    0x08003cf8   0x08003cf8   0x00000034   Code   RO         3681    i.Valve_Control_Inlet  bsp_valve.o
    0x08003d2c   0x08003d2c   0x00000038   Code   RO         3682    i.Valve_Control_Mout3  bsp_valve.o
    0x08003d64   0x08003d64   0x00000034   Code   RO         3683    i.Valve_Control_Purge  bsp_valve.o
    0x08003d98   0x08003d98   0x0000000c   Code   RO         3684    i.Valve_Get_InletState  bsp_valve.o
    0x08003da4   0x08003da4   0x0000000c   Code   RO         3686    i.Valve_Get_PurgeState  bsp_valve.o
    0x08003db0   0x08003db0   0x00000074   Code   RO         3687    i.Valve_Init        bsp_valve.o
    0x08003e24   0x08003e24   0x000000aa   Code   RO         4413    i.__kernel_poly     m_ws.l(poly.o)
    0x08003ece   0x08003ece   0x00000002   PAD
    0x08003ed0   0x08003ed0   0x00000010   Code   RO         4399    i.__mathlib_dbl_divzero  m_ws.l(dunder.o)
    0x08003ee0   0x08003ee0   0x00000006   Code   RO         4400    i.__mathlib_dbl_infnan  m_ws.l(dunder.o)
    0x08003ee6   0x08003ee6   0x0000000c   Code   RO         4402    i.__mathlib_dbl_invalid  m_ws.l(dunder.o)
    0x08003ef2   0x08003ef2   0x00000002   PAD
    0x08003ef4   0x08003ef4   0x0000035c   Code   RO         4362    i.log               m_ws.l(log.o)
    0x08004250   0x08004250   0x00000014   Code   RO         4087    i.main              main.o
    0x08004264   0x08004264   0x00000062   Code   RO         4317    x$fpl$d2f           fz_ws.l(d2f.o)
    0x080042c6   0x080042c6   0x00000002   PAD
    0x080042c8   0x080042c8   0x00000150   Code   RO         4319    x$fpl$dadd          fz_ws.l(daddsub_clz.o)
    0x08004418   0x08004418   0x00000010   Code   RO         4436    x$fpl$dcheck1       fz_ws.l(dcheck1.o)
    0x08004428   0x08004428   0x00000018   Code   RO         4438    x$fpl$dcmpinf       fz_ws.l(dcmpi.o)
    0x08004440   0x08004440   0x000002b0   Code   RO         4326    x$fpl$ddiv          fz_ws.l(ddiv.o)
    0x080046f0   0x080046f0   0x00000078   Code   RO         4376    x$fpl$deqf          fz_ws.l(deqf.o)
    0x08004768   0x08004768   0x0000002e   Code   RO         4379    x$fpl$dflt          fz_ws.l(dflt_clz.o)
    0x08004796   0x08004796   0x00000002   PAD
    0x08004798   0x08004798   0x00000154   Code   RO         4384    x$fpl$dmul          fz_ws.l(dmul.o)
    0x080048ec   0x080048ec   0x0000009c   Code   RO         4386    x$fpl$dnaninf       fz_ws.l(dnaninf.o)
    0x08004988   0x08004988   0x0000000c   Code   RO         4388    x$fpl$dretinf       fz_ws.l(dretinf.o)
    0x08004994   0x08004994   0x00000016   Code   RO         4320    x$fpl$drsb          fz_ws.l(daddsub_clz.o)
    0x080049aa   0x080049aa   0x00000002   PAD
    0x080049ac   0x080049ac   0x000001d4   Code   RO         4321    x$fpl$dsub          fz_ws.l(daddsub_clz.o)
    0x08004b80   0x08004b80   0x00000056   Code   RO         4329    x$fpl$f2d           fz_ws.l(f2d.o)
    0x08004bd6   0x08004bd6   0x00000002   PAD
    0x08004bd8   0x08004bd8   0x000000c4   Code   RO         4331    x$fpl$fadd          fz_ws.l(faddsub_clz.o)
    0x08004c9c   0x08004c9c   0x00000018   Code   RO         4390    x$fpl$fcmpinf       fz_ws.l(fcmpi.o)
    0x08004cb4   0x08004cb4   0x00000184   Code   RO         4338    x$fpl$fdiv          fz_ws.l(fdiv.o)
    0x08004e38   0x08004e38   0x00000036   Code   RO         4341    x$fpl$ffix          fz_ws.l(ffix.o)
    0x08004e6e   0x08004e6e   0x00000002   PAD
    0x08004e70   0x08004e70   0x0000003e   Code   RO         4345    x$fpl$ffixu         fz_ws.l(ffixu.o)
    0x08004eae   0x08004eae   0x00000002   PAD
    0x08004eb0   0x08004eb0   0x00000030   Code   RO         4350    x$fpl$fflt          fz_ws.l(fflt_clz.o)
    0x08004ee0   0x08004ee0   0x00000026   Code   RO         4349    x$fpl$ffltu         fz_ws.l(fflt_clz.o)
    0x08004f06   0x08004f06   0x00000002   PAD
    0x08004f08   0x08004f08   0x00000068   Code   RO         4355    x$fpl$fleqf         fz_ws.l(fleqf.o)
    0x08004f70   0x08004f70   0x00000102   Code   RO         4357    x$fpl$fmul          fz_ws.l(fmul.o)
    0x08005072   0x08005072   0x0000008c   Code   RO         4392    x$fpl$fnaninf       fz_ws.l(fnaninf.o)
    0x080050fe   0x080050fe   0x0000000a   Code   RO         4394    x$fpl$fretinf       fz_ws.l(fretinf.o)
    0x08005108   0x08005108   0x00000062   Code   RO         4359    x$fpl$frleqf        fz_ws.l(frleqf.o)
    0x0800516a   0x0800516a   0x00000002   PAD
    0x0800516c   0x0800516c   0x000000ea   Code   RO         4333    x$fpl$fsub          fz_ws.l(faddsub_clz.o)
    0x08005256   0x08005256   0x00000064   Code   RO         4453    x$fpl$retnan        fz_ws.l(retnan.o)
    0x080052ba   0x080052ba   0x0000005c   Code   RO         4396    x$fpl$scalbn        fz_ws.l(scalbn.o)
    0x08005316   0x08005316   0x00000030   Code   RO         4502    x$fpl$trapveneer    fz_ws.l(trapv.o)
    0x08005346   0x08005346   0x00000000   Code   RO         4398    x$fpl$usenofp       fz_ws.l(usenofp.o)
    0x08005346   0x08005346   0x00000002   PAD
    0x08005348   0x08005348   0x00000038   Data   RO         4363    .constdata          m_ws.l(log.o)
    0x08005380   0x08005380   0x00000008   Data   RO         4415    .constdata          m_ws.l(qnan.o)
    0x08005388   0x08005388   0x00000020   Data   RO         4581    Region$$Table       anon$$obj.o


    Execution Region RW_IRAM1 (Exec base: 0x20000000, Load base: 0x080053a8, Size: 0x000009f8, Max: 0x00005000, ABSOLUTE)

    Exec Addr    Load Addr    Size         Type   Attr      Idx    E Section Name        Object

    0x20000000   0x080053a8   0x00000014   Data   RW           28    .data               system_stm32f10x.o
    0x20000014   0x080053bc   0x00000014   Data   RW         1805    .data               stm32f10x_rcc.o
    0x20000028   0x080053d0   0x00000001   Data   RW         3228    .data               485.o
    0x20000029   0x080053d1   0x00000003   PAD
    0x2000002c   0x080053d4   0x00000011   Data   RW         3309    .data               can.o
    0x2000003d   0x080053e5   0x00000003   PAD
    0x20000040   0x080053e8   0x00000018   Data   RW         3435    .data               bsp_adc.o
    0x20000058   0x08005400   0x00000003   Data   RW         3688    .data               bsp_valve.o
    0x2000005b   0x08005403   0x00000001   PAD
    0x2000005c   0x08005404   0x00000006   Data   RW         3741    .data               bsp_fan.o
    0x20000062   0x0800540a   0x00000004   Data   RW         3971    .data               bsp_pwm.o
    0x20000066   0x0800540e   0x00000002   PAD
    0x20000068   0x08005410   0x0000005c   Data   RW         4089    .data               main.o
    0x200000c4        -       0x00000080   Zero   RW         3227    .bss                485.o
    0x20000144        -       0x00000178   Zero   RW         3434    .bss                bsp_adc.o
    0x200002bc        -       0x000000d8   Zero   RW         4088    .bss                main.o
    0x20000394        -       0x00000060   Zero   RW         4441    .bss                c_w.l(libspace.o)
    0x200003f4   0x0800546c   0x00000004   PAD
    0x200003f8        -       0x00000200   Zero   RW            2    HEAP                startup_stm32f10x_md.o
    0x200005f8        -       0x00000400   Zero   RW            1    STACK               startup_stm32f10x_md.o


==============================================================================

Image component sizes


      Code (inc. data)   RO Data    RW Data    ZI Data      Debug   Object Name

       492         44          0          1        128       4535   485.o
      2002        228          0         24        376      21944   bsp_adc.o
      2346         74          0          0          0      19478   bsp_dcdc_boost.o
       520         80          0          6          0       3990   bsp_fan.o
       320         46          0          4          0       2018   bsp_pwm.o
       300         64          0          3          0       3413   bsp_valve.o
       132         26          0         17          0       1429   can.o
         0          0          0          0          0       4500   core_cm3.o
        94          0          0          0          0       1086   delay.o
      3466        424          0         92        216      37967   main.o
       112         12          0          0          0     221652   misc.o
       242          0          0          0          0       2772   serial_protocol.o
        64         26        236          0       1536        828   startup_stm32f10x_md.o
       412         10          0          0          0      18527   stm32f10x_adc.o
       714         10          0          0          0      11736   stm32f10x_can.o
       506         26          0          0          0      14859   stm32f10x_dma.o
       430          6          0          0          0      12138   stm32f10x_gpio.o
       156         12          0          0          0       4800   stm32f10x_it.o
       332         44          0         20          0      14205   stm32f10x_rcc.o
      1524        180          0          0          0      36563   stm32f10x_tim.o
       472          6          0          0          0      12707   stm32f10x_usart.o
       328         28          0         20          0      55533   system_stm32f10x.o

    ----------------------------------------------------------------------
     15000       1346        268        196       2256     506680   Object Totals
         0          0         32          0          0          0   (incl. Generated)
        36          0          0          9          0          0   (incl. Padding)

    ----------------------------------------------------------------------

      Code (inc. data)   RO Data    RW Data    ZI Data      Debug   Library Member Name

         8          0          0          0          0         68   __main.o
         0          0          0          0          0          0   __rtentry.o
        12          0          0          0          0          0   __rtentry2.o
         6          0          0          0          0          0   __rtentry4.o
        52          8          0          0          0          0   __scatter.o
        26          0          0          0          0          0   __scatter_copy.o
        28          0          0          0          0          0   __scatter_zi.o
        22          0          0          0          0        100   _rserrno.o
        18          0          0          0          0         80   exit.o
         6          0          0          0          0        152   heapauxi.o
         0          0          0          0          0          0   indicate_semi.o
         2          0          0          0          0          0   libinit.o
         2          0          0          0          0          0   libinit2.o
         2          0          0          0          0          0   libshutdown.o
         2          0          0          0          0          0   libshutdown2.o
         8          4          0          0         96         68   libspace.o
         8          4          0          0          0         68   rt_errno_addr_intlibspace.o
        68          0          0          0          0         68   rt_memclr.o
        78          0          0          0          0         80   rt_memclr_w.o
       138          0          0          0          0         68   rt_memcpy_v6.o
       100          0          0          0          0         80   rt_memcpy_w.o
         2          0          0          0          0          0   rtexit.o
        10          0          0          0          0          0   rtexit2.o
        12          4          0          0          0         68   sys_exit.o
        74          0          0          0          0         80   sys_stackheap_outer.o
         2          0          0          0          0         68   use_no_semi.o
        98          4          0          0          0         92   d2f.o
       826         16          0          0          0        348   daddsub_clz.o
        16          4          0          0          0         68   dcheck1.o
        24          0          0          0          0         68   dcmpi.o
       688        140          0          0          0        208   ddiv.o
       120          4          0          0          0         92   deqf.o
        46          0          0          0          0         68   dflt_clz.o
       340         12          0          0          0        104   dmul.o
       156          4          0          0          0         92   dnaninf.o
        12          0          0          0          0         68   dretinf.o
        86          4          0          0          0         84   f2d.o
       430          8          0          0          0        168   faddsub_clz.o
        24          0          0          0          0         68   fcmpi.o
       388         76          0          0          0         96   fdiv.o
        54          4          0          0          0         84   ffix.o
        62          4          0          0          0         84   ffixu.o
        86          0          0          0          0        136   fflt_clz.o
       104          4          0          0          0         84   fleqf.o
       258          4          0          0          0         84   fmul.o
       140          4          0          0          0         84   fnaninf.o
        10          0          0          0          0         68   fretinf.o
        98          0          0          0          0         68   frleqf.o
       100          0          0          0          0         68   retnan.o
        92          0          0          0          0         68   scalbn.o
        48          0          0          0          0         68   trapv.o
         0          0          0          0          0          0   usenofp.o
        34          4          0          0          0        204   dunder.o
       860         52         56          0          0        256   log.o
       170          0          0          0          0         96   poly.o
         0          0          8          0          0          0   qnan.o

    ----------------------------------------------------------------------
      6084        368         64          0        100       4124   Library Totals
        28          0          0          0          4          0   (incl. Padding)

    ----------------------------------------------------------------------

      Code (inc. data)   RO Data    RW Data    ZI Data      Debug   Library Name

       686         20          0          0         96       1048   c_w.l
      4306        292          0          0          0       2520   fz_ws.l
      1064         56         64          0          0        556   m_ws.l

    ----------------------------------------------------------------------
      6084        368         64          0        100       4124   Library Totals

    ----------------------------------------------------------------------

==============================================================================


      Code (inc. data)   RO Data    RW Data    ZI Data      Debug   

     21084       1714        332        196       2356     499360   Grand Totals
     21084       1714        332        196       2356     499360   ELF Image Totals
     21084       1714        332        196          0          0   ROM Totals

==============================================================================

    Total RO  Size (Code + RO Data)                21416 (  20.91kB)
    Total RW  Size (RW Data + ZI Data)              2552 (   2.49kB)
    Total ROM Size (Code + RO Data + RW Data)      21612 (  21.11kB)

==============================================================================

